Archive member included to satisfy reference by file (symbol)

c:/st/stm32cubeide_1.7.0/stm32cubeide/plugins/com.st.stm32cube.ide.mcu.externaltools.gnu-tools-for-stm32.9-2020-q2-update.win32_2.0.0.202105311346/tools/bin/../lib/gcc/arm-none-eabi/9.3.1/../../../../arm-none-eabi/lib/thumb/v7-m/nofp\libc_nano.a(lib_a-atoi.o)
                              ./Src/GSM.o (atoi)
c:/st/stm32cubeide_1.7.0/stm32cubeide/plugins/com.st.stm32cube.ide.mcu.externaltools.gnu-tools-for-stm32.9-2020-q2-update.win32_2.0.0.202105311346/tools/bin/../lib/gcc/arm-none-eabi/9.3.1/../../../../arm-none-eabi/lib/thumb/v7-m/nofp\libc_nano.a(lib_a-errno.o)
                              ./Src/syscalls.o (__errno)
c:/st/stm32cubeide_1.7.0/stm32cubeide/plugins/com.st.stm32cube.ide.mcu.externaltools.gnu-tools-for-stm32.9-2020-q2-update.win32_2.0.0.202105311346/tools/bin/../lib/gcc/arm-none-eabi/9.3.1/../../../../arm-none-eabi/lib/thumb/v7-m/nofp\libc_nano.a(lib_a-exit.o)
                              c:/st/stm32cubeide_1.7.0/stm32cubeide/plugins/com.st.stm32cube.ide.mcu.externaltools.gnu-tools-for-stm32.9-2020-q2-update.win32_2.0.0.202105311346/tools/bin/../lib/gcc/arm-none-eabi/9.3.1/../../../../arm-none-eabi/lib/thumb/v7-m/nofp/crt0.o (exit)
c:/st/stm32cubeide_1.7.0/stm32cubeide/plugins/com.st.stm32cube.ide.mcu.externaltools.gnu-tools-for-stm32.9-2020-q2-update.win32_2.0.0.202105311346/tools/bin/../lib/gcc/arm-none-eabi/9.3.1/../../../../arm-none-eabi/lib/thumb/v7-m/nofp\libc_nano.a(lib_a-impure.o)
                              c:/st/stm32cubeide_1.7.0/stm32cubeide/plugins/com.st.stm32cube.ide.mcu.externaltools.gnu-tools-for-stm32.9-2020-q2-update.win32_2.0.0.202105311346/tools/bin/../lib/gcc/arm-none-eabi/9.3.1/../../../../arm-none-eabi/lib/thumb/v7-m/nofp\libc_nano.a(lib_a-exit.o) (_global_impure_ptr)
c:/st/stm32cubeide_1.7.0/stm32cubeide/plugins/com.st.stm32cube.ide.mcu.externaltools.gnu-tools-for-stm32.9-2020-q2-update.win32_2.0.0.202105311346/tools/bin/../lib/gcc/arm-none-eabi/9.3.1/../../../../arm-none-eabi/lib/thumb/v7-m/nofp\libc_nano.a(lib_a-init.o)
                              c:/st/stm32cubeide_1.7.0/stm32cubeide/plugins/com.st.stm32cube.ide.mcu.externaltools.gnu-tools-for-stm32.9-2020-q2-update.win32_2.0.0.202105311346/tools/bin/../lib/gcc/arm-none-eabi/9.3.1/../../../../arm-none-eabi/lib/thumb/v7-m/nofp/crt0.o (__libc_init_array)
c:/st/stm32cubeide_1.7.0/stm32cubeide/plugins/com.st.stm32cube.ide.mcu.externaltools.gnu-tools-for-stm32.9-2020-q2-update.win32_2.0.0.202105311346/tools/bin/../lib/gcc/arm-none-eabi/9.3.1/../../../../arm-none-eabi/lib/thumb/v7-m/nofp\libc_nano.a(lib_a-itoa.o)
                              ./Src/ADC.o (itoa)
c:/st/stm32cubeide_1.7.0/stm32cubeide/plugins/com.st.stm32cube.ide.mcu.externaltools.gnu-tools-for-stm32.9-2020-q2-update.win32_2.0.0.202105311346/tools/bin/../lib/gcc/arm-none-eabi/9.3.1/../../../../arm-none-eabi/lib/thumb/v7-m/nofp\libc_nano.a(lib_a-memcpy-stub.o)
                              ./Middlewares/Third_Party/FreeRTOS/Source/queue.o (memcpy)
c:/st/stm32cubeide_1.7.0/stm32cubeide/plugins/com.st.stm32cube.ide.mcu.externaltools.gnu-tools-for-stm32.9-2020-q2-update.win32_2.0.0.202105311346/tools/bin/../lib/gcc/arm-none-eabi/9.3.1/../../../../arm-none-eabi/lib/thumb/v7-m/nofp\libc_nano.a(lib_a-memset.o)
                              c:/st/stm32cubeide_1.7.0/stm32cubeide/plugins/com.st.stm32cube.ide.mcu.externaltools.gnu-tools-for-stm32.9-2020-q2-update.win32_2.0.0.202105311346/tools/bin/../lib/gcc/arm-none-eabi/9.3.1/../../../../arm-none-eabi/lib/thumb/v7-m/nofp/crt0.o (memset)
c:/st/stm32cubeide_1.7.0/stm32cubeide/plugins/com.st.stm32cube.ide.mcu.externaltools.gnu-tools-for-stm32.9-2020-q2-update.win32_2.0.0.202105311346/tools/bin/../lib/gcc/arm-none-eabi/9.3.1/../../../../arm-none-eabi/lib/thumb/v7-m/nofp\libc_nano.a(lib_a-sprintf.o)
                              ./Src/GSM.o (sprintf)
c:/st/stm32cubeide_1.7.0/stm32cubeide/plugins/com.st.stm32cube.ide.mcu.externaltools.gnu-tools-for-stm32.9-2020-q2-update.win32_2.0.0.202105311346/tools/bin/../lib/gcc/arm-none-eabi/9.3.1/../../../../arm-none-eabi/lib/thumb/v7-m/nofp\libc_nano.a(lib_a-stpcpy.o)
                              ./Src/ADC.o (stpcpy)
c:/st/stm32cubeide_1.7.0/stm32cubeide/plugins/com.st.stm32cube.ide.mcu.externaltools.gnu-tools-for-stm32.9-2020-q2-update.win32_2.0.0.202105311346/tools/bin/../lib/gcc/arm-none-eabi/9.3.1/../../../../arm-none-eabi/lib/thumb/v7-m/nofp\libc_nano.a(lib_a-strcat.o)
                              ./Src/ADC.o (strcat)
c:/st/stm32cubeide_1.7.0/stm32cubeide/plugins/com.st.stm32cube.ide.mcu.externaltools.gnu-tools-for-stm32.9-2020-q2-update.win32_2.0.0.202105311346/tools/bin/../lib/gcc/arm-none-eabi/9.3.1/../../../../arm-none-eabi/lib/thumb/v7-m/nofp\libc_nano.a(lib_a-strcmp.o)
                              ./Src/GSM.o (strcmp)
[...]
Memory Configuration

Name             Origin             Length             Attributes
RAM              0x0000000020000000 0x000000000000c000 xrw
FLASH            0x0000000008000000 0x0000000000040000 xr
*default*        0x0000000000000000 0xffffffffffffffff

Linker script and memory map

LOAD c:/st/stm32cubeide_1.7.0/stm32cubeide/plugins/com.st.stm32cube.ide.mcu.externaltools.gnu-tools-for-stm32.9-2020-q2-update.win32_2.0.0.202105311346/tools/bin/../lib/gcc/arm-none-eabi/9.3.1/thumb/v7-m/nofp/crti.o
LOAD c:/st/stm32cubeide_1.7.0/stm32cubeide/plugins/com.st.stm32cube.ide.mcu.externaltools.gnu-tools-for-stm32.9-2020-q2-update.win32_2.0.0.202105311346/tools/bin/../lib/gcc/arm-none-eabi/9.3.1/thumb/v7-m/nofp/crtbegin.o
LOAD c:/st/stm32cubeide_1.7.0/stm32cubeide/plugins/com.st.stm32cube.ide.mcu.externaltools.gnu-tools-for-stm32.9-2020-q2-update.win32_2.0.0.202105311346/tools/bin/../lib/gcc/arm-none-eabi/9.3.1/../../../../arm-none-eabi/lib/thumb/v7-m/nofp/crt0.o
LOAD ./Drivers/STM32F1xx_HAL_Driver/Src/stm32f1xx_hal.o
LOAD ./Drivers/STM32F1xx_HAL_Driver/Src/stm32f1xx_hal_adc.o
LOAD ./Drivers/STM32F1xx_HAL_Driver/Src/stm32f1xx_hal_adc_ex.o
LOAD ./Drivers/STM32F1xx_HAL_Driver/Src/stm32f1xx_hal_cortex.o
LOAD ./Drivers/STM32F1xx_HAL_Driver/Src/stm32f1xx_hal_dma.o
LOAD ./Drivers/STM32F1xx_HAL_Driver/Src/stm32f1xx_hal_exti.o
LOAD ./Drivers/STM32F1xx_HAL_Driver/Src/stm32f1xx_hal_flash.o
LOAD ./Drivers/STM32F1xx_HAL_Driver/Src/stm32f1xx_hal_flash_ex.o
LOAD ./Drivers/STM32F1xx_HAL_Driver/Src/stm32f1xx_hal_gpio.o
LOAD ./Drivers/STM32F1xx_HAL_Driver/Src/stm32f1xx_hal_gpio_ex.o
LOAD ./Drivers/STM32F1xx_HAL_Driver/Src/stm32f1xx_hal_i2c.o
LOAD ./Drivers/STM32F1xx_HAL_Driver/Src/stm32f1xx_hal_pwr.o
LOAD ./Drivers/STM32F1xx_HAL_Driver/Src/stm32f1xx_hal_rcc.o
LOAD ./Drivers/STM32F1xx_HAL_Driver/Src/stm32f1xx_hal_rcc_ex.o
LOAD ./Drivers/STM32F1xx_HAL_Driver/Src/stm32f1xx_hal_spi.o
LOAD ./Drivers/STM32F1xx_HAL_Driver/Src/stm32f1xx_hal_tim.o
LOAD ./Drivers/STM32F1xx_HAL_Driver/Src/stm32f1xx_hal_tim_ex.o
LOAD ./Drivers/STM32F1xx_HAL_Driver/Src/stm32f1xx_hal_uart.o
LOAD ./Middlewares/Third_Party/FreeRTOS/Source/CMSIS_RTOS/cmsis_os.o
LOAD ./Middlewares/Third_Party/FreeRTOS/Source/croutine.o
LOAD ./Middlewares/Third_Party/FreeRTOS/Source/event_groups.o
LOAD ./Middlewares/Third_Party/FreeRTOS/Source/list.o
LOAD ./Middlewares/Third_Party/FreeRTOS/Source/queue.o
LOAD ./Middlewares/Third_Party/FreeRTOS/Source/stream_buffer.o
LOAD ./Middlewares/Third_Party/FreeRTOS/Source/tasks.o
LOAD ./Middlewares/Third_Party/FreeRTOS/Source/timers.o
LOAD ./Middlewares/Third_Party/FreeRTOS/Source/portable/GCC/ARM_CM3/port.o
LOAD ./Middlewares/Third_Party/FreeRTOS/Source/portable/MemMang/heap_4.o
LOAD ./Src/ADC.o
LOAD ./Src/GSM.o
LOAD ./Src/LCD.o
LOAD ./Src/UART.o
LOAD ./Src/Wifi.o
LOAD ./Src/freertos.o
LOAD ./Src/main.o
LOAD ./Src/myString.o
LOAD ./Src/stm32f1xx_hal_msp.o
LOAD ./Src/stm32f1xx_hal_timebase_tim.o
LOAD ./Src/stm32f1xx_it.o
LOAD ./Src/syscalls.o
LOAD ./Src/system_stm32f1xx.o
LOAD ./startup/startup_stm32f103xe.o
START GROUP
LOAD c:/st/stm32cubeide_1.7.0/stm32cubeide/plugins/com.st.stm32cube.ide.mcu.externaltools.gnu-tools-for-stm32.9-2020-q2-update.win32_2.0.0.202105311346/tools/bin/../lib/gcc/arm-none-eabi/9.3.1/../../../../arm-none-eabi/lib/thumb/v7-m/nofp\libc_nano.a
LOAD c:/st/stm32cubeide_1.7.0/stm32cubeide/plugins/com.st.stm32cube.ide.mcu.externaltools.gnu-tools-for-stm32.9-2020-q2-update.win32_2.0.0.202105311346/tools/bin/../lib/gcc/arm-none-eabi/9.3.1/../../../../arm-none-eabi/lib/thumb/v7-m/nofp\libm.a
END GROUP
START GROUP
LOAD c:/st/stm32cubeide_1.7.0/stm32cubeide/plugins/com.st.stm32cube.ide.mcu.externaltools.gnu-tools-for-stm32.9-2020-q2-update.win32_2.0.0.202105311346/tools/bin/../lib/gcc/arm-none-eabi/9.3.1/thumb/v7-m/nofp\libgcc.a
LOAD c:/st/stm32cubeide_1.7.0/stm32cubeide/plugins/com.st.stm32cube.ide.mcu.externaltools.gnu-tools-for-stm32.9-2020-q2-update.win32_2.0.0.202105311346/tools/bin/../lib/gcc/arm-none-eabi/9.3.1/../../../../arm-none-eabi/lib/thumb/v7-m/nofp\libc_nano.a
END GROUP
START GROUP
LOAD c:/st/stm32cubeide_1.7.0/stm32cubeide/plugins/com.st.stm32cube.ide.mcu.externaltools.gnu-tools-for-stm32.9-2020-q2-update.win32_2.0.0.202105311346/tools/bin/../lib/gcc/arm-none-eabi/9.3.1/thumb/v7-m/nofp\libgcc.a
LOAD c:/st/stm32cubeide_1.7.0/stm32cubeide/plugins/com.st.stm32cube.ide.mcu.externaltools.gnu-tools-for-stm32.9-2020-q2-update.win32_2.0.0.202105311346/tools/bin/../lib/gcc/arm-none-eabi/9.3.1/../../../../arm-none-eabi/lib/thumb/v7-m/nofp\libc_nano.a
LOAD c:/st/stm32cubeide_1.7.0/stm32cubeide/plugins/com.st.stm32cube.ide.mcu.externaltools.gnu-tools-for-stm32.9-2020-q2-update.win32_2.0.0.202105311346/tools/bin/../lib/gcc/arm-none-eabi/9.3.1/../../../../arm-none-eabi/lib/thumb/v7-m/nofp\libnosys.a
END GROUP
START GROUP
LOAD c:/st/stm32cubeide_1.7.0/stm32cubeide/plugins/com.st.stm32cube.ide.mcu.externaltools.gnu-tools-for-stm32.9-2020-q2-update.win32_2.0.0.202105311346/tools/bin/../lib/gcc/arm-none-eabi/9.3.1/thumb/v7-m/nofp\libgcc.a
LOAD c:/st/stm32cubeide_1.7.0/stm32cubeide/plugins/com.st.stm32cube.ide.mcu.externaltools.gnu-tools-for-stm32.9-2020-q2-update.win32_2.0.0.202105311346/tools/bin/../lib/gcc/arm-none-eabi/9.3.1/../../../../arm-none-eabi/lib/thumb/v7-m/nofp\libc_nano.a
LOAD c:/st/stm32cubeide_1.7.0/stm32cubeide/plugins/com.st.stm32cube.ide.mcu.externaltools.gnu-tools-for-stm32.9-2020-q2-update.win32_2.0.0.202105311346/tools/bin/../lib/gcc/arm-none-eabi/9.3.1/../../../../arm-none-eabi/lib/thumb/v7-m/nofp\libnosys.a
END GROUP
LOAD c:/st/stm32cubeide_1.7.0/stm32cubeide/plugins/com.st.stm32cube.ide.mcu.externaltools.gnu-tools-for-stm32.9-2020-q2-update.win32_2.0.0.202105311346/tools/bin/../lib/gcc/arm-none-eabi/9.3.1/thumb/v7-m/nofp/crtend.o
LOAD c:/st/stm32cubeide_1.7.0/stm32cubeide/plugins/com.st.stm32cube.ide.mcu.externaltools.gnu-tools-for-stm32.9-2020-q2-update.win32_2.0.0.202105311346/tools/bin/../lib/gcc/arm-none-eabi/9.3.1/thumb/v7-m/nofp/crtn.o
                0x000000002000c000                _estack = 0x2000c000
                0x0000000000000200                _Min_Heap_Size = 0x200
                0x0000000000000400                _Min_Stack_Size = 0x400

.isr_vector     0x0000000008000000      0x1e4
                0x0000000008000000                . = ALIGN (0x4)
 *(.isr_vector)
 .isr_vector    0x0000000008000000      0x1e4 ./startup/startup_stm32f103xe.o
                0x0000000008000000                g_pfnVectors
                0x00000000080001e4                . = ALIGN (0x4)

.text           0x00000000080001f0     0x7894
                0x00000000080001f0                . = ALIGN (0x4)
 *(.text)
 .text          0x00000000080001f0       0x40 c:/st/stm32cubeide_1.7.0/stm32cubeide/plugins/com.st.stm32cube.ide.mcu.externaltools.gnu-tools-for-stm32.9-2020-q2-update.win32_2.0.0.202105311346/tools/bin/../lib/gcc/arm-none-eabi/9.3.1/thumb/v7-m/nofp/crtbegin.o
 .text          0x0000000008000230       0x10 c:/st/stm32cubeide_1.7.0/stm32cubeide/plugins/com.st.stm32cube.ide.mcu.externaltools.gnu-tools-for-stm32.9-2020-q2-update.win32_2.0.0.202105311346/tools/bin/../lib/gcc/arm-none-eabi/9.3.1/../../../../arm-none-eabi/lib/thumb/v7-m/nofp\libc_nano.a(lib_a-strlen.o)
                0x0000000008000230                strlen
 .text          0x0000000008000240      0x254 c:/st/stm32cubeide_1.7.0/stm32cubeide/plugins/com.st.stm32cube.ide.mcu.externaltools.gnu-tools-for-stm32.9-2020-q2-update.win32_2.0.0.202105311346/tools/bin/../lib/gcc/arm-none-eabi/9.3.1/thumb/v7-m/nofp\libgcc.a(_arm_muldf3.o)
                0x0000000008000240                __muldf3
                0x0000000008000240                __aeabi_dmul
 .text          0x0000000008000494      0x378 c:/st/stm32cubeide_1.7.0/stm32cubeide/plugins/com.st.stm32cube.ide.mcu.externaltools.gnu-tools-for-stm32.9-2020-q2-update.win32_2.0.0.202105311346/tools/bin/../lib/gcc/arm-none-eabi/9.3.1/thumb/v7-m/nofp\libgcc.a(_arm_addsubdf3.o)
                0x0000000008000494                __aeabi_drsub
                0x000000000800049c                __aeabi_dsub
                0x000000000800049c                __subdf3
                0x00000000080004a0                __aeabi_dadd
                0x00000000080004a0                __adddf3
                0x0000000008000718                __floatunsidf
                0x0000000008000718                __aeabi_ui2d
                0x0000000008000738                __floatsidf
                0x0000000008000738                __aeabi_i2d
                0x000000000800075c                __aeabi_f2d
                0x000000000800075c                __extendsfdf2
                0x00000000080007a0                __floatundidf
                0x00000000080007a0                __aeabi_ul2d
                0x00000000080007b0                __floatdidf
                0x00000000080007b0                __aeabi_l2d
 .text          0x000000000800080c       0xa0 c:/st/stm32cubeide_1.7.0/stm32cubeide/plugins/com.st.stm32cube.ide.mcu.externaltools.gnu-tools-for-stm32.9-2020-q2-update.win32_2.0.0.202105311346/tools/bin/../lib/gcc/arm-none-eabi/9.3.1/thumb/v7-m/nofp\libgcc.a(_arm_truncdfsf2.o)
                0x000000000800080c                __truncdfsf2
                0x000000000800080c                __aeabi_d2f
 .text          0x00000000080008ac      0x21c c:/st/stm32cubeide_1.7.0/stm32cubeide/plugins/com.st.stm32cube.ide.mcu.externaltools.gnu-tools-for-stm32.9-2020-q2-update.win32_2.0.0.202105311346/tools/bin/../lib/gcc/arm-none-eabi/9.3.1/thumb/v7-m/nofp\libgcc.a(_arm_addsubsf3.o)
                0x00000000080008ac                __aeabi_frsub
                0x00000000080008b4                __subsf3
                0x00000000080008b4                __aeabi_fsub
                0x00000000080008b8                __aeabi_fadd
                0x00000000080008b8                __addsf3
                0x0000000008000a18                __aeabi_ui2f
                0x0000000008000a18                __floatunsisf
                0x0000000008000a20                __aeabi_i2f
                0x0000000008000a20                __floatsisf
                0x0000000008000a3c                __aeabi_ul2f
                0x0000000008000a3c                __floatundisf
                0x0000000008000a4c                __aeabi_l2f
                0x0000000008000a4c                __floatdisf
 .text          0x0000000008000ac8      0x2a0 c:/st/stm32cubeide_1.7.0/stm32cubeide/plugins/com.st.stm32cube.ide.mcu.externaltools.gnu-tools-for-stm32.9-2020-q2-update.win32_2.0.0.202105311346/tools/bin/../lib/gcc/arm-none-eabi/9.3.1/thumb/v7-m/nofp\libgcc.a(_arm_muldivsf3.o)
                0x0000000008000ac8                __mulsf3
                0x0000000008000ac8                __aeabi_fmul
                0x0000000008000c30                __aeabi_fdiv
                0x0000000008000c30                __divsf3
 .text          0x0000000008000d68       0x40 c:/st/stm32cubeide_1.7.0/stm32cubeide/plugins/com.st.stm32cube.ide.mcu.externaltools.gnu-tools-for-stm32.9-2020-q2-update.win32_2.0.0.202105311346/tools/bin/../lib/gcc/arm-none-eabi/9.3.1/thumb/v7-m/nofp\libgcc.a(_arm_fixunssfsi.o)
                0x0000000008000d68                __fixunssfsi
                0x0000000008000d68                __aeabi_f2uiz
 *(.text*)
 .text.HAL_Init
                0x0000000008000da8       0x24 ./Drivers/STM32F1xx_HAL_Driver/Src/stm32f1xx_hal.o
                0x0000000008000da8                HAL_Init
 .text.HAL_IncTick
                0x0000000008000dcc       0x18 ./Drivers/STM32F1xx_HAL_Driver/Src/stm32f1xx_hal.o
                0x0000000008000dcc                HAL_IncTick
 .text.HAL_GetTick
                0x0000000008000de4        0xc ./Drivers/STM32F1xx_HAL_Driver/Src/stm32f1xx_hal.o
                0x0000000008000de4                HAL_GetTick
 .text.HAL_Delay
                0x0000000008000df0       0x24 ./Drivers/STM32F1xx_HAL_Driver/Src/stm32f1xx_hal.o
                0x0000000008000df0                HAL_Delay
 .text.HAL_ADC_Init
                0x0000000008000e14      0x184 ./Drivers/STM32F1xx_HAL_Driver/Src/stm32f1xx_hal_adc.o
                0x0000000008000e14                HAL_ADC_Init
 .text.HAL_ADC_ConvCpltCallback
                0x0000000008000f98        0x4 ./Drivers/STM32F1xx_HAL_Driver/Src/stm32f1xx_hal_adc.o
                0x0000000008000f98                HAL_ADC_ConvCpltCallback
 .text.ADC_DMAConvCplt
                0x0000000008000f9c       0x50 ./Drivers/STM32F1xx_HAL_Driver/Src/stm32f1xx_hal_adc.o
                0x0000000008000f9c                ADC_DMAConvCplt
 .text.HAL_ADC_ConvHalfCpltCallback
                0x0000000008000fec        0x4 ./Drivers/STM32F1xx_HAL_Driver/Src/stm32f1xx_hal_adc.o
                0x0000000008000fec                HAL_ADC_ConvHalfCpltCallback
 .text.ADC_DMAHalfConvCplt
                0x0000000008000ff0        0xc ./Drivers/STM32F1xx_HAL_Driver/Src/stm32f1xx_hal_adc.o
                0x0000000008000ff0                ADC_DMAHalfConvCplt
 .text.HAL_ADC_ErrorCallback
                0x0000000008000ffc        0x4 ./Drivers/STM32F1xx_HAL_Driver/Src/stm32f1xx_hal_adc.o
                0x0000000008000ffc                HAL_ADC_ErrorCallback
 .text.ADC_DMAError
                0x0000000008001000       0x1c ./Drivers/STM32F1xx_HAL_Driver/Src/stm32f1xx_hal_adc.o
                0x0000000008001000                ADC_DMAError
 .text.HAL_ADC_ConfigChannel
                0x000000000800101c      0x118 ./Drivers/STM32F1xx_HAL_Driver/Src/stm32f1xx_hal_adc.o
                0x000000000800101c                HAL_ADC_ConfigChannel
 .text.ADC_Enable
                0x0000000008001134       0x88 ./Drivers/STM32F1xx_HAL_Driver/Src/stm32f1xx_hal_adc.o
                0x0000000008001134                ADC_Enable
 .text.HAL_ADC_Start_DMA
                0x00000000080011bc      0x11c ./Drivers/STM32F1xx_HAL_Driver/Src/stm32f1xx_hal_adc.o
                0x00000000080011bc                HAL_ADC_Start_DMA
 .text.HAL_NVIC_SetPriorityGrouping
                0x00000000080012d8       0x24 ./Drivers/STM32F1xx_HAL_Driver/Src/stm32f1xx_hal_cortex.o
                0x00000000080012d8                HAL_NVIC_SetPriorityGrouping
 .text.HAL_NVIC_SetPriority
                0x00000000080012fc       0x70 ./Drivers/STM32F1xx_HAL_Driver/Src/stm32f1xx_hal_cortex.o
                0x00000000080012fc                HAL_NVIC_SetPriority
 .text.HAL_NVIC_EnableIRQ
                0x000000000800136c       0x1c ./Drivers/STM32F1xx_HAL_Driver/Src/stm32f1xx_hal_cortex.o
                0x000000000800136c                HAL_NVIC_EnableIRQ
 .text.HAL_DMA_Init
                0x0000000008001388       0x8c ./Drivers/STM32F1xx_HAL_Driver/Src/stm32f1xx_hal_dma.o
                0x0000000008001388                HAL_DMA_Init
 .text.HAL_DMA_Start_IT
                0x0000000008001414       0x84 ./Drivers/STM32F1xx_HAL_Driver/Src/stm32f1xx_hal_dma.o
                0x0000000008001414                HAL_DMA_Start_IT
 .text.HAL_DMA_Abort
                0x0000000008001498       0x44 ./Drivers/STM32F1xx_HAL_Driver/Src/stm32f1xx_hal_dma.o
                0x0000000008001498                HAL_DMA_Abort
 .text.HAL_DMA_Abort_IT
                0x00000000080014dc      0x13c ./Drivers/STM32F1xx_HAL_Driver/Src/stm32f1xx_hal_dma.o
                0x00000000080014dc                HAL_DMA_Abort_IT
 .text.HAL_DMA_IRQHandler
                0x0000000008001618      0x2a8 ./Drivers/STM32F1xx_HAL_Driver/Src/stm32f1xx_hal_dma.o
                0x0000000008001618                HAL_DMA_IRQHandler
 .text.HAL_GPIO_Init
                0x00000000080018c0      0x250 ./Drivers/STM32F1xx_HAL_Driver/Src/stm32f1xx_hal_gpio.o
                0x00000000080018c0                HAL_GPIO_Init
 .text.HAL_GPIO_ReadPin
                0x0000000008001b10        0xc ./Drivers/STM32F1xx_HAL_Driver/Src/stm32f1xx_hal_gpio.o
                0x0000000008001b10                HAL_GPIO_ReadPin
 .text.HAL_GPIO_WritePin
                0x0000000008001b1c        0x8 ./Drivers/STM32F1xx_HAL_Driver/Src/stm32f1xx_hal_gpio.o
                0x0000000008001b1c                HAL_GPIO_WritePin
 .text.HAL_GPIO_TogglePin
                0x0000000008001b24       0x14 ./Drivers/STM32F1xx_HAL_Driver/Src/stm32f1xx_hal_gpio.o
                0x0000000008001b24                HAL_GPIO_TogglePin
 .text.I2C_WaitOnMasterAddressFlagUntilTimeout.constprop.0
                0x0000000008001b38       0x8c ./Drivers/STM32F1xx_HAL_Driver/Src/stm32f1xx_hal_i2c.o
 .text.I2C_WaitOnMasterAddressFlagUntilTimeout.constprop.1
                0x0000000008001bc4       0x8c ./Drivers/STM32F1xx_HAL_Driver/Src/stm32f1xx_hal_i2c.o
 .text.HAL_I2C_Init
                0x0000000008001c50      0x188 ./Drivers/STM32F1xx_HAL_Driver/Src/stm32f1xx_hal_i2c.o
                0x0000000008001c50                HAL_I2C_Init
 .text.HAL_I2C_Master_Transmit
                0x0000000008001dd8      0x298 ./Drivers/STM32F1xx_HAL_Driver/Src/stm32f1xx_hal_i2c.o
                0x0000000008001dd8                HAL_I2C_Master_Transmit
 .text.HAL_RCC_OscConfig
                0x0000000008002070      0x400 ./Drivers/STM32F1xx_HAL_Driver/Src/stm32f1xx_hal_rcc.o
                0x0000000008002070                HAL_RCC_OscConfig
 .text.HAL_RCC_ClockConfig
                0x0000000008002470      0x19c ./Drivers/STM32F1xx_HAL_Driver/Src/stm32f1xx_hal_rcc.o
                0x0000000008002470                HAL_RCC_ClockConfig
 .text.HAL_RCC_GetPCLK1Freq
                0x000000000800260c       0x20 ./Drivers/STM32F1xx_HAL_Driver/Src/stm32f1xx_hal_rcc.o
                0x000000000800260c                HAL_RCC_GetPCLK1Freq
 .text.HAL_RCC_GetPCLK2Freq
                0x000000000800262c       0x20 ./Drivers/STM32F1xx_HAL_Driver/Src/stm32f1xx_hal_rcc.o
                0x000000000800262c                HAL_RCC_GetPCLK2Freq
 .text.HAL_RCC_GetClockConfig
                0x000000000800264c       0x40 ./Drivers/STM32F1xx_HAL_Driver/Src/stm32f1xx_hal_rcc.o
                0x000000000800264c                HAL_RCC_GetClockConfig
 .text.HAL_RCCEx_PeriphCLKConfig
                0x000000000800268c      0x100 ./Drivers/STM32F1xx_HAL_Driver/Src/stm32f1xx_hal_rcc_ex.o
                0x000000000800268c                HAL_RCCEx_PeriphCLKConfig
 .text.HAL_SPI_Init
                0x000000000800278c       0xb4 ./Drivers/STM32F1xx_HAL_Driver/Src/stm32f1xx_hal_spi.o
                0x000000000800278c                HAL_SPI_Init
 .text.HAL_TIM_Base_Init
                0x0000000008002840       0xd8 ./Drivers/STM32F1xx_HAL_Driver/Src/stm32f1xx_hal_tim.o
                0x0000000008002840                HAL_TIM_Base_Init
 .text.HAL_TIM_Base_Start_IT
                0x0000000008002918       0x68 ./Drivers/STM32F1xx_HAL_Driver/Src/stm32f1xx_hal_tim.o
                0x0000000008002918                HAL_TIM_Base_Start_IT
 .text.HAL_TIM_IC_MspInit
                0x0000000008002980        0x4 ./Drivers/STM32F1xx_HAL_Driver/Src/stm32f1xx_hal_tim.o
                0x0000000008002980                HAL_TIM_IC_MspInit
 .text.HAL_TIM_IC_Init
                0x0000000008002984       0xd8 ./Drivers/STM32F1xx_HAL_Driver/Src/stm32f1xx_hal_tim.o
                0x0000000008002984                HAL_TIM_IC_Init
 .text.HAL_TIM_IC_Start_IT
                0x0000000008002a5c      0x15c ./Drivers/STM32F1xx_HAL_Driver/Src/stm32f1xx_hal_tim.o
                0x0000000008002a5c                HAL_TIM_IC_Start_IT
 .text.HAL_TIM_IC_ConfigChannel
                0x0000000008002bb8      0x198 ./Drivers/STM32F1xx_HAL_Driver/Src/stm32f1xx_hal_tim.o
                0x0000000008002bb8                HAL_TIM_IC_ConfigChannel
 .text.HAL_TIM_ConfigClockSource
                0x0000000008002d50      0x148 ./Drivers/STM32F1xx_HAL_Driver/Src/stm32f1xx_hal_tim.o
                0x0000000008002d50                HAL_TIM_ConfigClockSource
 .text.HAL_TIM_OC_DelayElapsedCallback
                0x0000000008002e98        0x4 ./Drivers/STM32F1xx_HAL_Driver/Src/stm32f1xx_hal_tim.o
                0x0000000008002e98                HAL_TIM_OC_DelayElapsedCallback
 .text.HAL_TIM_PWM_PulseFinishedCallback
                0x0000000008002e9c        0x4 ./Drivers/STM32F1xx_HAL_Driver/Src/stm32f1xx_hal_tim.o
                0x0000000008002e9c                HAL_TIM_PWM_PulseFinishedCallback
 .text.HAL_TIM_TriggerCallback
                0x0000000008002ea0        0x4 ./Drivers/STM32F1xx_HAL_Driver/Src/stm32f1xx_hal_tim.o
                0x0000000008002ea0                HAL_TIM_TriggerCallback
 .text.HAL_TIM_IRQHandler
                0x0000000008002ea4      0x154 ./Drivers/STM32F1xx_HAL_Driver/Src/stm32f1xx_hal_tim.o
                0x0000000008002ea4                HAL_TIM_IRQHandler
 .text.HAL_TIMEx_MasterConfigSynchronization
                0x0000000008002ff8       0x74 ./Drivers/STM32F1xx_HAL_Driver/Src/stm32f1xx_hal_tim_ex.o
                0x0000000008002ff8                HAL_TIMEx_MasterConfigSynchronization
 .text.HAL_TIMEx_CommutCallback
                0x000000000800306c        0x4 ./Drivers/STM32F1xx_HAL_Driver/Src/stm32f1xx_hal_tim_ex.o
                0x000000000800306c                HAL_TIMEx_CommutCallback
 .text.HAL_TIMEx_BreakCallback
                0x0000000008003070        0x4 ./Drivers/STM32F1xx_HAL_Driver/Src/stm32f1xx_hal_tim_ex.o
                0x0000000008003070                HAL_TIMEx_BreakCallback
 .text.HAL_UART_Init
                0x0000000008003074       0xd4 ./Drivers/STM32F1xx_HAL_Driver/Src/stm32f1xx_hal_uart.o
                0x0000000008003074                HAL_UART_Init
 .text.HAL_UART_Transmit
                0x0000000008003148      0x110 ./Drivers/STM32F1xx_HAL_Driver/Src/stm32f1xx_hal_uart.o
                0x0000000008003148                HAL_UART_Transmit
 .text.HAL_UART_Receive_IT
                0x0000000008003258       0x54 ./Drivers/STM32F1xx_HAL_Driver/Src/stm32f1xx_hal_uart.o
                0x0000000008003258                HAL_UART_Receive_IT
 .text.HAL_UART_TxCpltCallback
                0x00000000080032ac        0x4 ./Drivers/STM32F1xx_HAL_Driver/Src/stm32f1xx_hal_uart.o
                0x00000000080032ac                HAL_UART_TxCpltCallback
 .text.HAL_UART_RxCpltCallback
                0x00000000080032b0        0x4 ./Drivers/STM32F1xx_HAL_Driver/Src/stm32f1xx_hal_uart.o
                0x00000000080032b0                HAL_UART_RxCpltCallback
 .text.HAL_UART_ErrorCallback
                0x00000000080032b4        0x4 ./Drivers/STM32F1xx_HAL_Driver/Src/stm32f1xx_hal_uart.o
                0x00000000080032b4                HAL_UART_ErrorCallback
 .text.UART_DMAAbortOnError
                0x00000000080032b8       0x10 ./Drivers/STM32F1xx_HAL_Driver/Src/stm32f1xx_hal_uart.o
 .text.HAL_UARTEx_RxEventCallback
                0x00000000080032c8        0x4 ./Drivers/STM32F1xx_HAL_Driver/Src/stm32f1xx_hal_uart.o
                0x00000000080032c8                HAL_UARTEx_RxEventCallback
 .text.UART_Receive_IT.part.0
                0x00000000080032cc       0xb8 ./Drivers/STM32F1xx_HAL_Driver/Src/stm32f1xx_hal_uart.o
 .text.HAL_UART_IRQHandler
                0x0000000008003384      0x25c ./Drivers/STM32F1xx_HAL_Driver/Src/stm32f1xx_hal_uart.o
                0x0000000008003384                HAL_UART_IRQHandler
 .text.osKernelStart
                0x00000000080035e0        0xc ./Middlewares/Third_Party/FreeRTOS/Source/CMSIS_RTOS/cmsis_os.o
                0x00000000080035e0                osKernelStart
 .text.osThreadCreate
                0x00000000080035ec       0x5c ./Middlewares/Third_Party/FreeRTOS/Source/CMSIS_RTOS/cmsis_os.o
                0x00000000080035ec                osThreadCreate
 .text.osDelay  0x0000000008003648       0x10 ./Middlewares/Third_Party/FreeRTOS/Source/CMSIS_RTOS/cmsis_os.o
                0x0000000008003648                osDelay
 .text.osTimerCreate
                0x0000000008003658       0x44 ./Middlewares/Third_Party/FreeRTOS/Source/CMSIS_RTOS/cmsis_os.o
                0x0000000008003658                osTimerCreate
 .text.vListInitialise
                0x000000000800369c       0x18 ./Middlewares/Third_Party/FreeRTOS/Source/list.o
                0x000000000800369c                vListInitialise
 .text.vListInitialiseItem
                0x00000000080036b4        0x8 ./Middlewares/Third_Party/FreeRTOS/Source/list.o
                0x00000000080036b4                vListInitialiseItem
 .text.vListInsertEnd
                0x00000000080036bc       0x1c ./Middlewares/Third_Party/FreeRTOS/Source/list.o
                0x00000000080036bc                vListInsertEnd
 .text.vListInsert
                0x00000000080036d8       0x30 ./Middlewares/Third_Party/FreeRTOS/Source/list.o
                0x00000000080036d8                vListInsert
 .text.uxListRemove
                0x0000000008003708       0x24 ./Middlewares/Third_Party/FreeRTOS/Source/list.o
                0x0000000008003708                uxListRemove
 .text.prvCopyDataToQueue
                0x000000000800372c       0x84 ./Middlewares/Third_Party/FreeRTOS/Source/queue.o
 .text.xQueueGenericCreateStatic
                0x00000000080037b0       0xdc ./Middlewares/Third_Party/FreeRTOS/Source/queue.o
                0x00000000080037b0                xQueueGenericCreateStatic
 .text.xQueueGenericSend
                0x000000000800388c      0x30c ./Middlewares/Third_Party/FreeRTOS/Source/queue.o
                0x000000000800388c                xQueueGenericSend
 .text.xQueueReceive
                0x0000000008003b98      0x30c ./Middlewares/Third_Party/FreeRTOS/Source/queue.o
                0x0000000008003b98                xQueueReceive
 .text.vQueueAddToRegistry
                0x0000000008003ea4       0x54 ./Middlewares/Third_Party/FreeRTOS/Source/queue.o
                0x0000000008003ea4                vQueueAddToRegistry
 .text.vQueueWaitForMessageRestricted
                0x0000000008003ef8       0xcc ./Middlewares/Third_Party/FreeRTOS/Source/queue.o
                0x0000000008003ef8                vQueueWaitForMessageRestricted
 .text.prvAddNewTaskToReadyList
                0x0000000008003fc4      0x104 ./Middlewares/Third_Party/FreeRTOS/Source/tasks.o
 .text.prvAddCurrentTaskToDelayedList
                0x00000000080040c8       0x7c ./Middlewares/Third_Party/FreeRTOS/Source/tasks.o
 .text.prvIdleTask
                0x0000000008004144       0x8c ./Middlewares/Third_Party/FreeRTOS/Source/tasks.o
 .text.xTaskCreateStatic
                0x00000000080041d0      0x160 ./Middlewares/Third_Party/FreeRTOS/Source/tasks.o
                0x00000000080041d0                xTaskCreateStatic
 .text.xTaskCreate
                0x0000000008004330      0x15c ./Middlewares/Third_Party/FreeRTOS/Source/tasks.o
                0x0000000008004330                xTaskCreate
 .text.vTaskStartScheduler
                0x000000000800448c      0x10c ./Middlewares/Third_Party/FreeRTOS/Source/tasks.o
                0x000000000800448c                vTaskStartScheduler
 .text.vTaskSuspendAll
                0x0000000008004598       0x14 ./Middlewares/Third_Party/FreeRTOS/Source/tasks.o
                0x0000000008004598                vTaskSuspendAll
 .text.xTaskGetTickCount
                0x00000000080045ac        0xc ./Middlewares/Third_Party/FreeRTOS/Source/tasks.o
                0x00000000080045ac                xTaskGetTickCount
 .text.xTaskIncrementTick
                0x00000000080045b8      0x134 ./Middlewares/Third_Party/FreeRTOS/Source/tasks.o
                0x00000000080045b8                xTaskIncrementTick
 .text.xTaskResumeAll
                0x00000000080046ec      0x104 ./Middlewares/Third_Party/FreeRTOS/Source/tasks.o
                0x00000000080046ec                xTaskResumeAll
 .text.vTaskDelay
                0x00000000080047f0       0x4c ./Middlewares/Third_Party/FreeRTOS/Source/tasks.o
                0x00000000080047f0                vTaskDelay
 .text.vTaskSwitchContext
                0x000000000800483c       0x60 ./Middlewares/Third_Party/FreeRTOS/Source/tasks.o
                0x000000000800483c                vTaskSwitchContext
 .text.vTaskPlaceOnEventList
                0x000000000800489c       0x90 ./Middlewares/Third_Party/FreeRTOS/Source/tasks.o
                0x000000000800489c                vTaskPlaceOnEventList
 .text.vTaskPlaceOnEventListRestricted
                0x000000000800492c       0xb0 ./Middlewares/Third_Party/FreeRTOS/Source/tasks.o
                0x000000000800492c                vTaskPlaceOnEventListRestricted
 .text.xTaskRemoveFromEventList
                0x00000000080049dc       0x7c ./Middlewares/Third_Party/FreeRTOS/Source/tasks.o
                0x00000000080049dc                xTaskRemoveFromEventList
 .text.vTaskInternalSetTimeOutState
                0x0000000008004a58       0x14 ./Middlewares/Third_Party/FreeRTOS/Source/tasks.o
                0x0000000008004a58                vTaskInternalSetTimeOutState
 .text.xTaskCheckForTimeOut
                0x0000000008004a6c       0x8c ./Middlewares/Third_Party/FreeRTOS/Source/tasks.o
                0x0000000008004a6c                xTaskCheckForTimeOut
 .text.vTaskMissedYield
                0x0000000008004af8       0x10 ./Middlewares/Third_Party/FreeRTOS/Source/tasks.o
                0x0000000008004af8                vTaskMissedYield
 .text.xTaskGetSchedulerState
                0x0000000008004b08       0x20 ./Middlewares/Third_Party/FreeRTOS/Source/tasks.o
                0x0000000008004b08                xTaskGetSchedulerState
 .text.xTaskPriorityDisinherit
                0x0000000008004b28       0xac ./Middlewares/Third_Party/FreeRTOS/Source/tasks.o
                0x0000000008004b28                xTaskPriorityDisinherit
 .text.prvSwitchTimerLists
                0x0000000008004bd4       0x88 ./Middlewares/Third_Party/FreeRTOS/Source/timers.o
 .text.prvTimerTask
                0x0000000008004c5c      0x230 ./Middlewares/Third_Party/FreeRTOS/Source/timers.o
 .text.xTimerCreateTimerTask
                0x0000000008004e8c       0xa4 ./Middlewares/Third_Party/FreeRTOS/Source/timers.o
                0x0000000008004e8c                xTimerCreateTimerTask
 .text.xTimerCreate
                0x0000000008004f30       0xa4 ./Middlewares/Third_Party/FreeRTOS/Source/timers.o
                0x0000000008004f30                xTimerCreate
 .text.xTimerCreateStatic
                0x0000000008004fd4       0xcc ./Middlewares/Third_Party/FreeRTOS/Source/timers.o
                0x0000000008004fd4                xTimerCreateStatic
 .text.prvPortStartFirstTask
                0x00000000080050a0       0x20 ./Middlewares/Third_Party/FreeRTOS/Source/portable/GCC/ARM_CM3/port.o
 .text.prvTaskExitError
                0x00000000080050c0       0x40 ./Middlewares/Third_Party/FreeRTOS/Source/portable/GCC/ARM_CM3/port.o
 .text.pxPortInitialiseStack
                0x0000000008005100       0x28 ./Middlewares/Third_Party/FreeRTOS/Source/portable/GCC/ARM_CM3/port.o
                0x0000000008005100                pxPortInitialiseStack
 *fill*         0x0000000008005128        0x8 
 .text.SVC_Handler
                0x0000000008005130       0x24 ./Middlewares/Third_Party/FreeRTOS/Source/portable/GCC/ARM_CM3/port.o
                0x0000000008005130                SVC_Handler
 .text.vPortEnterCritical
                0x0000000008005154       0x44 ./Middlewares/Third_Party/FreeRTOS/Source/portable/GCC/ARM_CM3/port.o
                0x0000000008005154                vPortEnterCritical
 .text.vPortExitCritical
                0x0000000008005198       0x28 ./Middlewares/Third_Party/FreeRTOS/Source/portable/GCC/ARM_CM3/port.o
                0x0000000008005198                vPortExitCritical
 .text.PendSV_Handler
                0x00000000080051c0       0x44 ./Middlewares/Third_Party/FreeRTOS/Source/portable/GCC/ARM_CM3/port.o
                0x00000000080051c0                PendSV_Handler
 .text.SysTick_Handler
                0x0000000008005204       0x2c ./Middlewares/Third_Party/FreeRTOS/Source/portable/GCC/ARM_CM3/port.o
                0x0000000008005204                SysTick_Handler
 .text.vPortSetupTimerInterrupt
                0x0000000008005230       0x3c ./Middlewares/Third_Party/FreeRTOS/Source/portable/GCC/ARM_CM3/port.o
                0x0000000008005230                vPortSetupTimerInterrupt
 .text.xPortStartScheduler
                0x000000000800526c       0xdc ./Middlewares/Third_Party/FreeRTOS/Source/portable/GCC/ARM_CM3/port.o
                0x000000000800526c                xPortStartScheduler
 .text.pvPortMalloc
                0x0000000008005348      0x164 ./Middlewares/Third_Party/FreeRTOS/Source/portable/MemMang/heap_4.o
                0x0000000008005348                pvPortMalloc
 .text.vPortFree
                0x00000000080054ac       0xa8 ./Middlewares/Third_Party/FreeRTOS/Source/portable/MemMang/heap_4.o
                0x00000000080054ac                vPortFree
 *fill*         0x0000000008005554        0x4 
 .text.ADC_Service
                0x0000000008005558      0x318 ./Src/ADC.o
                0x0000000008005558                ADC_Service
 .text.GSM_Send
                0x0000000008005870       0x2c ./Src/GSM.o
                0x0000000008005870                GSM_Send
 .text.LCD_Init
                0x000000000800589c       0x64 ./Src/LCD.o
                0x000000000800589c                LCD_Init
 .text.LCD_Print
                0x0000000008005900       0x38 ./Src/LCD.o
                0x0000000008005900                LCD_Print
 .text.ClearScreenF
                0x0000000008005938       0x30 ./Src/LCD.o
                0x0000000008005938                ClearScreenF
 .text.LineSelect
                0x0000000008005968       0x30 ./Src/LCD.o
                0x0000000008005968                LineSelect
 .text.Debug_Send
                0x0000000008005998       0x1c ./Src/UART.o
                0x0000000008005998                Debug_Send
 .text.Wifi_Init
                0x00000000080059b4       0x44 ./Src/Wifi.o
                0x00000000080059b4                Wifi_Init
 .text.Wifi_Service
                0x00000000080059f8      0x294 ./Src/Wifi.o
                0x00000000080059f8                Wifi_Service
 .text.WifiOK   0x0000000008005c8c       0x98 ./Src/Wifi.o
                0x0000000008005c8c                WifiOK
 .text.WifiprocData
                0x0000000008005d24      0x1f0 ./Src/Wifi.o
                0x0000000008005d24                WifiprocData
 .text.WifirecData
                0x0000000008005f14       0x80 ./Src/Wifi.o
                0x0000000008005f14                WifirecData
 .text.vApplicationGetIdleTaskMemory
                0x0000000008005f94       0x18 ./Src/freertos.o
                0x0000000008005f94                vApplicationGetIdleTaskMemory
 .text.vApplicationGetTimerTaskMemory
                0x0000000008005fac       0x20 ./Src/freertos.o
                0x0000000008005fac                vApplicationGetTimerTaskMemory
 .text.Callback01
                0x0000000008005fcc        0x4 ./Src/main.o
                0x0000000008005fcc                Callback01
 .text.StartDefaultTask
                0x0000000008005fd0       0xd8 ./Src/main.o
                0x0000000008005fd0                StartDefaultTask
 .text.HAL_TIM_IC_CaptureCallback
                0x00000000080060a8       0x7c ./Src/main.o
                0x00000000080060a8                HAL_TIM_IC_CaptureCallback
 .text.SystemClock_Config
                0x0000000008006124       0x8c ./Src/main.o
                0x0000000008006124                SystemClock_Config
 .text.startup.main
                0x00000000080061b0      0x420 ./Src/main.o
                0x00000000080061b0                main
 .text.HAL_TIM_PeriodElapsedCallback
                0x00000000080065d0       0x3c ./Src/main.o
                0x00000000080065d0                HAL_TIM_PeriodElapsedCallback
 .text.Error_Handler
                0x000000000800660c        0x4 ./Src/main.o
                0x000000000800660c                Error_Handler
 .text.myStrSection
                0x0000000008006610       0x64 ./Src/myString.o
                0x0000000008006610                myStrSection
 .text.myLongStr
                0x0000000008006674      0x404 ./Src/myString.o
                0x0000000008006674                myLongStr
 .text.HAL_MspInit
                0x0000000008006a78       0x50 ./Src/stm32f1xx_hal_msp.o
                0x0000000008006a78                HAL_MspInit
 .text.HAL_ADC_MspInit
                0x0000000008006ac8       0xc0 ./Src/stm32f1xx_hal_msp.o
                0x0000000008006ac8                HAL_ADC_MspInit
 .text.HAL_I2C_MspInit
                0x0000000008006b88       0x64 ./Src/stm32f1xx_hal_msp.o
                0x0000000008006b88                HAL_I2C_MspInit
 .text.HAL_SPI_MspInit
                0x0000000008006bec       0x74 ./Src/stm32f1xx_hal_msp.o
                0x0000000008006bec                HAL_SPI_MspInit
 .text.HAL_TIM_Base_MspInit
                0x0000000008006c60       0xb4 ./Src/stm32f1xx_hal_msp.o
                0x0000000008006c60                HAL_TIM_Base_MspInit
 .text.HAL_UART_MspInit
                0x0000000008006d14      0x170 ./Src/stm32f1xx_hal_msp.o
                0x0000000008006d14                HAL_UART_MspInit
 .text.HAL_InitTick
                0x0000000008006e84       0x7c ./Src/stm32f1xx_hal_timebase_tim.o
                0x0000000008006e84                HAL_InitTick
 .text.NMI_Handler
                0x0000000008006f00        0x4 ./Src/stm32f1xx_it.o
                0x0000000008006f00                NMI_Handler
 .text.HardFault_Handler
                0x0000000008006f04        0x4 ./Src/stm32f1xx_it.o
                0x0000000008006f04                HardFault_Handler
 .text.MemManage_Handler
                0x0000000008006f08        0x4 ./Src/stm32f1xx_it.o
                0x0000000008006f08                MemManage_Handler
 .text.BusFault_Handler
                0x0000000008006f0c        0x4 ./Src/stm32f1xx_it.o
                0x0000000008006f0c                BusFault_Handler
 .text.UsageFault_Handler
                0x0000000008006f10        0x4 ./Src/stm32f1xx_it.o
                0x0000000008006f10                UsageFault_Handler
 .text.DebugMon_Handler
                0x0000000008006f14        0x4 ./Src/stm32f1xx_it.o
                0x0000000008006f14                DebugMon_Handler
 .text.DMA1_Channel1_IRQHandler
                0x0000000008006f18        0xc ./Src/stm32f1xx_it.o
                0x0000000008006f18                DMA1_Channel1_IRQHandler
 .text.TIM1_UP_IRQHandler
                0x0000000008006f24       0x40 ./Src/stm32f1xx_it.o
                0x0000000008006f24                TIM1_UP_IRQHandler
 .text.TIM1_CC_IRQHandler
                0x0000000008006f64        0xc ./Src/stm32f1xx_it.o
                0x0000000008006f64                TIM1_CC_IRQHandler
 .text.TIM2_IRQHandler
                0x0000000008006f70        0xc ./Src/stm32f1xx_it.o
                0x0000000008006f70                TIM2_IRQHandler
 .text.TIM3_IRQHandler
                0x0000000008006f7c       0x20 ./Src/stm32f1xx_it.o
                0x0000000008006f7c                TIM3_IRQHandler
 .text.USART1_IRQHandler
                0x0000000008006f9c        0xc ./Src/stm32f1xx_it.o
                0x0000000008006f9c                USART1_IRQHandler
 .text.USART2_IRQHandler
                0x0000000008006fa8        0xc ./Src/stm32f1xx_it.o
                0x0000000008006fa8                USART2_IRQHandler
 .text.USART3_IRQHandler
                0x0000000008006fb4        0xc ./Src/stm32f1xx_it.o
                0x0000000008006fb4                USART3_IRQHandler
 .text._sbrk    0x0000000008006fc0       0x3c ./Src/syscalls.o
                0x0000000008006fc0                _sbrk
 .text.SystemInit
                0x0000000008006ffc       0x50 ./Src/system_stm32f1xx.o
                0x0000000008006ffc                SystemInit
 .text.Reset_Handler
                0x000000000800704c       0x48 ./startup/startup_stm32f103xe.o
                0x000000000800704c                Reset_Handler
 .text.Default_Handler
                0x0000000008007094        0x2 ./startup/startup_stm32f103xe.o
                0x0000000008007094                RTC_Alarm_IRQHandler
                0x0000000008007094                EXTI2_IRQHandler
                0x0000000008007094                TIM8_TRG_COM_IRQHandler
                0x0000000008007094                TIM8_CC_IRQHandler
                0x0000000008007094                TIM6_IRQHandler
                0x0000000008007094                PVD_IRQHandler
                0x0000000008007094                SDIO_IRQHandler
                0x0000000008007094                EXTI3_IRQHandler
                0x0000000008007094                EXTI0_IRQHandler
                0x0000000008007094                I2C2_EV_IRQHandler
                0x0000000008007094                ADC1_2_IRQHandler
                0x0000000008007094                SPI1_IRQHandler
                0x0000000008007094                TAMPER_IRQHandler
                0x0000000008007094                TIM8_UP_IRQHandler
                0x0000000008007094                DMA2_Channel2_IRQHandler
                0x0000000008007094                DMA1_Channel4_IRQHandler
                0x0000000008007094                RTC_IRQHandler
                0x0000000008007094                DMA1_Channel7_IRQHandler
                0x0000000008007094                CAN1_RX1_IRQHandler
                0x0000000008007094                UART5_IRQHandler
                0x0000000008007094                ADC3_IRQHandler
                0x0000000008007094                TIM4_IRQHandler
                0x0000000008007094                DMA2_Channel1_IRQHandler
                0x0000000008007094                I2C1_EV_IRQHandler
                0x0000000008007094                DMA1_Channel6_IRQHandler
                0x0000000008007094                UART4_IRQHandler
                0x0000000008007094                RCC_IRQHandler
                0x0000000008007094                TIM1_TRG_COM_IRQHandler
                0x0000000008007094                Default_Handler
                0x0000000008007094                EXTI15_10_IRQHandler
                0x0000000008007094                TIM7_IRQHandler
                0x0000000008007094                TIM5_IRQHandler
                0x0000000008007094                EXTI9_5_IRQHandler
                0x0000000008007094                SPI2_IRQHandler
                0x0000000008007094                DMA1_Channel5_IRQHandler
                0x0000000008007094                EXTI4_IRQHandler
                0x0000000008007094                USB_LP_CAN1_RX0_IRQHandler
                0x0000000008007094                USB_HP_CAN1_TX_IRQHandler
                0x0000000008007094                DMA1_Channel3_IRQHandler
                0x0000000008007094                FSMC_IRQHandler
                0x0000000008007094                WWDG_IRQHandler
                0x0000000008007094                TIM1_BRK_IRQHandler
                0x0000000008007094                EXTI1_IRQHandler
                0x0000000008007094                DMA2_Channel4_5_IRQHandler
                0x0000000008007094                I2C2_ER_IRQHandler
                0x0000000008007094                DMA1_Channel2_IRQHandler
                0x0000000008007094                TIM8_BRK_IRQHandler
                0x0000000008007094                CAN1_SCE_IRQHandler
                0x0000000008007094                FLASH_IRQHandler
                0x0000000008007094                SPI3_IRQHandler
                0x0000000008007094                I2C1_ER_IRQHandler
                0x0000000008007094                USBWakeUp_IRQHandler
                0x0000000008007094                DMA2_Channel3_IRQHandler
 *fill*         0x0000000008007096        0x2 
 .text.__errno  0x0000000008007098        0xc c:/st/stm32cubeide_1.7.0/stm32cubeide/plugins/com.st.stm32cube.ide.mcu.externaltools.gnu-tools-for-stm32.9-2020-q2-update.win32_2.0.0.202105311346/tools/bin/../lib/gcc/arm-none-eabi/9.3.1/../../../../arm-none-eabi/lib/thumb/v7-m/nofp\libc_nano.a(lib_a-errno.o)
                0x0000000008007098                __errno
 .text.__libc_init_array
                0x00000000080070a4       0x48 c:/st/stm32cubeide_1.7.0/stm32cubeide/plugins/com.st.stm32cube.ide.mcu.externaltools.gnu-tools-for-stm32.9-2020-q2-update.win32_2.0.0.202105311346/tools/bin/../lib/gcc/arm-none-eabi/9.3.1/../../../../arm-none-eabi/lib/thumb/v7-m/nofp\libc_nano.a(lib_a-init.o)
                0x00000000080070a4                __libc_init_array
 .text.__itoa   0x00000000080070ec       0x30 c:/st/stm32cubeide_1.7.0/stm32cubeide/plugins/com.st.stm32cube.ide.mcu.externaltools.gnu-tools-for-stm32.9-2020-q2-update.win32_2.0.0.202105311346/tools/bin/../lib/gcc/arm-none-eabi/9.3.1/../../../../arm-none-eabi/lib/thumb/v7-m/nofp\libc_nano.a(lib_a-itoa.o)
                0x00000000080070ec                __itoa
 .text.itoa     0x000000000800711c        0x4 c:/st/stm32cubeide_1.7.0/stm32cubeide/plugins/com.st.stm32cube.ide.mcu.externaltools.gnu-tools-for-stm32.9-2020-q2-update.win32_2.0.0.202105311346/tools/bin/../lib/gcc/arm-none-eabi/9.3.1/../../../../arm-none-eabi/lib/thumb/v7-m/nofp\libc_nano.a(lib_a-itoa.o)
                0x000000000800711c                itoa
 .text.memcpy   0x0000000008007120       0x1c c:/st/stm32cubeide_1.7.0/stm32cubeide/plugins/com.st.stm32cube.ide.mcu.externaltools.gnu-tools-for-stm32.9-2020-q2-update.win32_2.0.0.202105311346/tools/bin/../lib/gcc/arm-none-eabi/9.3.1/../../../../arm-none-eabi/lib/thumb/v7-m/nofp\libc_nano.a(lib_a-memcpy-stub.o)
                0x0000000008007120                memcpy
 .text.sprintf  0x000000000800713c       0x40 c:/st/stm32cubeide_1.7.0/stm32cubeide/plugins/com.st.stm32cube.ide.mcu.externaltools.gnu-tools-for-stm32.9-2020-q2-update.win32_2.0.0.202105311346/tools/bin/../lib/gcc/arm-none-eabi/9.3.1/../../../../arm-none-eabi/lib/thumb/v7-m/nofp\libc_nano.a(lib_a-sprintf.o)
                0x000000000800713c                siprintf
                0x000000000800713c                sprintf
 .text.stpcpy   0x000000000800717c       0x12 c:/st/stm32cubeide_1.7.0/stm32cubeide/plugins/com.st.stm32cube.ide.mcu.externaltools.gnu-tools-for-stm32.9-2020-q2-update.win32_2.0.0.202105311346/tools/bin/../lib/gcc/arm-none-eabi/9.3.1/../../../../arm-none-eabi/lib/thumb/v7-m/nofp\libc_nano.a(lib_a-stpcpy.o)
                0x000000000800717c                stpcpy
 .text.strcat   0x000000000800718e       0x1e c:/st/stm32cubeide_1.7.0/stm32cubeide/plugins/com.st.stm32cube.ide.mcu.externaltools.gnu-tools-for-stm32.9-2020-q2-update.win32_2.0.0.202105311346/tools/bin/../lib/gcc/arm-none-eabi/9.3.1/../../../../arm-none-eabi/lib/thumb/v7-m/nofp\libc_nano.a(lib_a-strcat.o)
                0x000000000800718e                strcat
 .text.strncmp  0x00000000080071ac       0x24 c:/st/stm32cubeide_1.7.0/stm32cubeide/plugins/com.st.stm32cube.ide.mcu.externaltools.gnu-tools-for-stm32.9-2020-q2-update.win32_2.0.0.202105311346/tools/bin/../lib/gcc/arm-none-eabi/9.3.1/../../../../arm-none-eabi/lib/thumb/v7-m/nofp\libc_nano.a(lib_a-strncmp.o)
                0x00000000080071ac                strncmp
 .text.__utoa   0x00000000080071d0       0x84 c:/st/stm32cubeide_1.7.0/stm32cubeide/plugins/com.st.stm32cube.ide.mcu.externaltools.gnu-tools-for-stm32.9-2020-q2-update.win32_2.0.0.202105311346/tools/bin/../lib/gcc/arm-none-eabi/9.3.1/../../../../arm-none-eabi/lib/thumb/v7-m/nofp\libc_nano.a(lib_a-utoa.o)
                0x00000000080071d0                __utoa
 .text.__ssputs_r
                0x0000000008007254       0xb6 c:/st/stm32cubeide_1.7.0/stm32cubeide/plugins/com.st.stm32cube.ide.mcu.externaltools.gnu-tools-for-stm32.9-2020-q2-update.win32_2.0.0.202105311346/tools/bin/../lib/gcc/arm-none-eabi/9.3.1/../../../../arm-none-eabi/lib/thumb/v7-m/nofp\libc_nano.a(lib_a-nano-svfprintf.o)
                0x0000000008007254                __ssputs_r
 *fill*         0x000000000800730a        0x2 
 .text._svfprintf_r
                0x000000000800730c      0x200 c:/st/stm32cubeide_1.7.0/stm32cubeide/plugins/com.st.stm32cube.ide.mcu.externaltools.gnu-tools-for-stm32.9-2020-q2-update.win32_2.0.0.202105311346/tools/bin/../lib/gcc/arm-none-eabi/9.3.1/../../../../arm-none-eabi/lib/thumb/v7-m/nofp\libc_nano.a(lib_a-nano-svfprintf.o)
                0x000000000800730c                _svfiprintf_r
                0x000000000800730c                _svfprintf_r
 .text._printf_common
                0x000000000800750c       0xde c:/st/stm32cubeide_1.7.0/stm32cubeide/plugins/com.st.stm32cube.ide.mcu.externaltools.gnu-tools-for-stm32.9-2020-q2-update.win32_2.0.0.202105311346/tools/bin/../lib/gcc/arm-none-eabi/9.3.1/../../../../arm-none-eabi/lib/thumb/v7-m/nofp\libc_nano.a(lib_a-nano-vfprintf_i.o)
                0x000000000800750c                _printf_common
 *fill*         0x00000000080075ea        0x2 
 .text._printf_i
                0x00000000080075ec      0x24c c:/st/stm32cubeide_1.7.0/stm32cubeide/plugins/com.st.stm32cube.ide.mcu.externaltools.gnu-tools-for-stm32.9-2020-q2-update.win32_2.0.0.202105311346/tools/bin/../lib/gcc/arm-none-eabi/9.3.1/../../../../arm-none-eabi/lib/thumb/v7-m/nofp\libc_nano.a(lib_a-nano-vfprintf_i.o)
                0x00000000080075ec                _printf_i
 .text.memchr   0x0000000008007838       0x1c c:/st/stm32cubeide_1.7.0/stm32cubeide/plugins/com.st.stm32cube.ide.mcu.externaltools.gnu-tools-for-stm32.9-2020-q2-update.win32_2.0.0.202105311346/tools/bin/../lib/gcc/arm-none-eabi/9.3.1/../../../../arm-none-eabi/lib/thumb/v7-m/nofp\libc_nano.a(lib_a-memchr-stub.o)
                0x0000000008007838                memchr
 .text.memmove  0x0000000008007854       0x34 c:/st/stm32cubeide_1.7.0/stm32cubeide/plugins/com.st.stm32cube.ide.mcu.externaltools.gnu-tools-for-stm32.9-2020-q2-update.win32_2.0.0.202105311346/tools/bin/../lib/gcc/arm-none-eabi/9.3.1/../../../../arm-none-eabi/lib/thumb/v7-m/nofp\libc_nano.a(lib_a-memmove.o)
                0x0000000008007854                memmove
 .text._free_r  0x0000000008007888       0x98 c:/st/stm32cubeide_1.7.0/stm32cubeide/plugins/com.st.stm32cube.ide.mcu.externaltools.gnu-tools-for-stm32.9-2020-q2-update.win32_2.0.0.202105311346/tools/bin/../lib/gcc/arm-none-eabi/9.3.1/../../../../arm-none-eabi/lib/thumb/v7-m/nofp\libc_nano.a(lib_a-nano-freer.o)
                0x0000000008007888                _free_r
 .text._malloc_r
                0x0000000008007920       0xb4 c:/st/stm32cubeide_1.7.0/stm32cubeide/plugins/com.st.stm32cube.ide.mcu.externaltools.gnu-tools-for-stm32.9-2020-q2-update.win32_2.0.0.202105311346/tools/bin/../lib/gcc/arm-none-eabi/9.3.1/../../../../arm-none-eabi/lib/thumb/v7-m/nofp\libc_nano.a(lib_a-nano-mallocr.o)
                0x0000000008007920                _malloc_r
 .text._realloc_r
                0x00000000080079d4       0x4c c:/st/stm32cubeide_1.7.0/stm32cubeide/plugins/com.st.stm32cube.ide.mcu.externaltools.gnu-tools-for-stm32.9-2020-q2-update.win32_2.0.0.202105311346/tools/bin/../lib/gcc/arm-none-eabi/9.3.1/../../../../arm-none-eabi/lib/thumb/v7-m/nofp\libc_nano.a(lib_a-nano-reallocr.o)
                0x00000000080079d4                _realloc_r
 .text._sbrk_r  0x0000000008007a20       0x20 c:/st/stm32cubeide_1.7.0/stm32cubeide/plugins/com.st.stm32cube.ide.mcu.externaltools.gnu-tools-for-stm32.9-2020-q2-update.win32_2.0.0.202105311346/tools/bin/../lib/gcc/arm-none-eabi/9.3.1/../../../../arm-none-eabi/lib/thumb/v7-m/nofp\libc_nano.a(lib_a-sbrkr.o)
                0x0000000008007a20                _sbrk_r
 .text.__malloc_lock
                0x0000000008007a40        0xc c:/st/stm32cubeide_1.7.0/stm32cubeide/plugins/com.st.stm32cube.ide.mcu.externaltools.gnu-tools-for-stm32.9-2020-q2-update.win32_2.0.0.202105311346/tools/bin/../lib/gcc/arm-none-eabi/9.3.1/../../../../arm-none-eabi/lib/thumb/v7-m/nofp\libc_nano.a(lib_a-mlock.o)
                0x0000000008007a40                __malloc_lock
 .text.__malloc_unlock
                0x0000000008007a4c        0xc c:/st/stm32cubeide_1.7.0/stm32cubeide/plugins/com.st.stm32cube.ide.mcu.externaltools.gnu-tools-for-stm32.9-2020-q2-update.win32_2.0.0.202105311346/tools/bin/../lib/gcc/arm-none-eabi/9.3.1/../../../../arm-none-eabi/lib/thumb/v7-m/nofp\libc_nano.a(lib_a-mlock.o)
                0x0000000008007a4c                __malloc_unlock
 .text._malloc_usable_size_r
                0x0000000008007a58       0x10 c:/st/stm32cubeide_1.7.0/stm32cubeide/plugins/com.st.stm32cube.ide.mcu.externaltools.gnu-tools-for-stm32.9-2020-q2-update.win32_2.0.0.202105311346/tools/bin/../lib/gcc/arm-none-eabi/9.3.1/../../../../arm-none-eabi/lib/thumb/v7-m/nofp\libc_nano.a(lib_a-nano-msizer.o)
                0x0000000008007a58                _malloc_usable_size_r
 .text.__retarget_lock_acquire_recursive
                0x0000000008007a68        0x2 c:/st/stm32cubeide_1.7.0/stm32cubeide/plugins/com.st.stm32cube.ide.mcu.externaltools.gnu-tools-for-stm32.9-2020-q2-update.win32_2.0.0.202105311346/tools/bin/../lib/gcc/arm-none-eabi/9.3.1/../../../../arm-none-eabi/lib/thumb/v7-m/nofp\libc_nano.a(lib_a-lock.o)
                0x0000000008007a68                __retarget_lock_acquire_recursive
 .text.__retarget_lock_release_recursive
                0x0000000008007a6a        0x2 c:/st/stm32cubeide_1.7.0/stm32cubeide/plugins/com.st.stm32cube.ide.mcu.externaltools.gnu-tools-for-stm32.9-2020-q2-update.win32_2.0.0.202105311346/tools/bin/../lib/gcc/arm-none-eabi/9.3.1/../../../../arm-none-eabi/lib/thumb/v7-m/nofp\libc_nano.a(lib_a-lock.o)
                0x0000000008007a6a                __retarget_lock_release_recursive
 *(.glue_7)
 .glue_7        0x0000000008007a6c        0x0 linker stubs
 *(.glue_7t)
 .glue_7t       0x0000000008007a6c        0x0 linker stubs
 *(.eh_frame)
 .eh_frame      0x0000000008007a6c        0x0 c:/st/stm32cubeide_1.7.0/stm32cubeide/plugins/com.st.stm32cube.ide.mcu.externaltools.gnu-tools-for-stm32.9-2020-q2-update.win32_2.0.0.202105311346/tools/bin/../lib/gcc/arm-none-eabi/9.3.1/thumb/v7-m/nofp/crtbegin.o
 *(.init)
 .init          0x0000000008007a6c        0x4 c:/st/stm32cubeide_1.7.0/stm32cubeide/plugins/com.st.stm32cube.ide.mcu.externaltools.gnu-tools-for-stm32.9-2020-q2-update.win32_2.0.0.202105311346/tools/bin/../lib/gcc/arm-none-eabi/9.3.1/thumb/v7-m/nofp/crti.o
                0x0000000008007a6c                _init
 .init          0x0000000008007a70        0x8 c:/st/stm32cubeide_1.7.0/stm32cubeide/plugins/com.st.stm32cube.ide.mcu.externaltools.gnu-tools-for-stm32.9-2020-q2-update.win32_2.0.0.202105311346/tools/bin/../lib/gcc/arm-none-eabi/9.3.1/thumb/v7-m/nofp/crtn.o
 *(.fini)
 .fini          0x0000000008007a78        0x4 c:/st/stm32cubeide_1.7.0/stm32cubeide/plugins/com.st.stm32cube.ide.mcu.externaltools.gnu-tools-for-stm32.9-2020-q2-update.win32_2.0.0.202105311346/tools/bin/../lib/gcc/arm-none-eabi/9.3.1/thumb/v7-m/nofp/crti.o
                0x0000000008007a78                _fini
 .fini          0x0000000008007a7c        0x8 c:/st/stm32cubeide_1.7.0/stm32cubeide/plugins/com.st.stm32cube.ide.mcu.externaltools.gnu-tools-for-stm32.9-2020-q2-update.win32_2.0.0.202105311346/tools/bin/../lib/gcc/arm-none-eabi/9.3.1/thumb/v7-m/nofp/crtn.o
                0x0000000008007a84                . = ALIGN (0x4)
                0x0000000008007a84                _etext = .

.vfp11_veneer   0x0000000008007a84        0x0
 .vfp11_veneer  0x0000000008007a84        0x0 linker stubs

.v4_bx          0x0000000008007a84        0x0
 .v4_bx         0x0000000008007a84        0x0 linker stubs

.iplt           0x0000000008007a84        0x0
 .iplt          0x0000000008007a84        0x0 c:/st/stm32cubeide_1.7.0/stm32cubeide/plugins/com.st.stm32cube.ide.mcu.externaltools.gnu-tools-for-stm32.9-2020-q2-update.win32_2.0.0.202105311346/tools/bin/../lib/gcc/arm-none-eabi/9.3.1/thumb/v7-m/nofp/crtbegin.o

.rodata         0x0000000008007a84      0x3a4
                0x0000000008007a84                . = ALIGN (0x4)
 *(.rodata)
 .rodata        0x0000000008007a84       0x1c ./Src/main.o
 .rodata        0x0000000008007aa0       0x18 ./Src/system_stm32f1xx.o
                0x0000000008007aa0                AHBPrescTable
                0x0000000008007ab0                APBPrescTable
 *(.rodata*)
 .rodata.str1.4
                0x0000000008007ab8       0x11 ./Drivers/STM32F1xx_HAL_Driver/Src/stm32f1xx_hal_rcc.o
 .rodata.str1.4
                0x0000000008007ac9       0x11 ./Middlewares/Third_Party/FreeRTOS/Source/CMSIS_RTOS/cmsis_os.o
                                          0x1 (size before relaxing)
 *fill*         0x0000000008007ac9        0x3 
 .rodata.str1.4
                0x0000000008007acc       0x10 ./Middlewares/Third_Party/FreeRTOS/Source/timers.o
 .rodata.str1.4
                0x0000000008007adc       0x41 ./Src/ADC.o
                                         0x45 (size before relaxing)
 *fill*         0x0000000008007b1d        0x3 
 .rodata.str1.4
                0x0000000008007b20       0x6d ./Src/LCD.o
                                         0x73 (size before relaxing)
 *fill*         0x0000000008007b8d        0x3 
 .rodata.str1.4
                0x0000000008007b90      0x20d ./Src/Wifi.o
                                        0x211 (size before relaxing)
 *fill*         0x0000000008007d9d        0x3 
 .rodata.str1.4
                0x0000000008007da0       0x2e ./Src/main.o
 .rodata.__utoa.str1.1
                0x0000000008007dce       0x25 c:/st/stm32cubeide_1.7.0/stm32cubeide/plugins/com.st.stm32cube.ide.mcu.externaltools.gnu-tools-for-stm32.9-2020-q2-update.win32_2.0.0.202105311346/tools/bin/../lib/gcc/arm-none-eabi/9.3.1/../../../../arm-none-eabi/lib/thumb/v7-m/nofp\libc_nano.a(lib_a-utoa.o)
 .rodata._svfprintf_r.str1.1
                0x0000000008007df3       0x11 c:/st/stm32cubeide_1.7.0/stm32cubeide/plugins/com.st.stm32cube.ide.mcu.externaltools.gnu-tools-for-stm32.9-2020-q2-update.win32_2.0.0.202105311346/tools/bin/../lib/gcc/arm-none-eabi/9.3.1/../../../../arm-none-eabi/lib/thumb/v7-m/nofp\libc_nano.a(lib_a-nano-svfprintf.o)
 .rodata._printf_i.str1.1
                0x0000000008007e04       0x22 c:/st/stm32cubeide_1.7.0/stm32cubeide/plugins/com.st.stm32cube.ide.mcu.externaltools.gnu-tools-for-stm32.9-2020-q2-update.win32_2.0.0.202105311346/tools/bin/../lib/gcc/arm-none-eabi/9.3.1/../../../../arm-none-eabi/lib/thumb/v7-m/nofp\libc_nano.a(lib_a-nano-vfprintf_i.o)
                0x0000000008007e28                . = ALIGN (0x4)
 *fill*         0x0000000008007e26        0x2 

.rel.dyn        0x0000000008007e28        0x0
 .rel.iplt      0x0000000008007e28        0x0 c:/st/stm32cubeide_1.7.0/stm32cubeide/plugins/com.st.stm32cube.ide.mcu.externaltools.gnu-tools-for-stm32.9-2020-q2-update.win32_2.0.0.202105311346/tools/bin/../lib/gcc/arm-none-eabi/9.3.1/thumb/v7-m/nofp/crtbegin.o

.ARM.extab
 *(.ARM.extab* .gnu.linkonce.armextab.*)

.ARM            0x0000000008007e28        0x0
                0x0000000008007e28                __exidx_start = .
 *(.ARM.exidx*)
                0x0000000008007e28                __exidx_end = .

.preinit_array  0x0000000008007e28        0x0
                0x0000000008007e28                PROVIDE (__preinit_array_start = .)
 *(.preinit_array*)
                0x0000000008007e28                PROVIDE (__preinit_array_end = .)

.init_array     0x0000000008007e28        0x4
                0x0000000008007e28                PROVIDE (__init_array_start = .)
 *(SORT_BY_NAME(.init_array.*))
 *(.init_array*)
 .init_array    0x0000000008007e28        0x4 c:/st/stm32cubeide_1.7.0/stm32cubeide/plugins/com.st.stm32cube.ide.mcu.externaltools.gnu-tools-for-stm32.9-2020-q2-update.win32_2.0.0.202105311346/tools/bin/../lib/gcc/arm-none-eabi/9.3.1/thumb/v7-m/nofp/crtbegin.o
                0x0000000008007e2c                PROVIDE (__init_array_end = .)

.fini_array     0x0000000008007e2c        0x4
                [!provide]                        PROVIDE (__fini_array_start = .)
 *(SORT_BY_NAME(.fini_array.*))
 *(.fini_array*)
 .fini_array    0x0000000008007e2c        0x4 c:/st/stm32cubeide_1.7.0/stm32cubeide/plugins/com.st.stm32cube.ide.mcu.externaltools.gnu-tools-for-stm32.9-2020-q2-update.win32_2.0.0.202105311346/tools/bin/../lib/gcc/arm-none-eabi/9.3.1/thumb/v7-m/nofp/crtbegin.o
                [!provide]                        PROVIDE (__fini_array_end = .)
                0x0000000008007e30                _sidata = LOADADDR (.data)

.data           0x0000000020000000      0x33c load address 0x0000000008007e30
                0x0000000020000000                . = ALIGN (0x4)
                0x0000000020000000                _sdata = .
 *(.data)
 .data          0x0000000020000000        0x8 ./Drivers/STM32F1xx_HAL_Driver/Src/stm32f1xx_hal.o
                0x0000000020000000                uwTickFreq
                0x0000000020000004                uwTickPrio
 .data          0x0000000020000008        0x4 ./Middlewares/Third_Party/FreeRTOS/Source/portable/GCC/ARM_CM3/port.o
 .data          0x000000002000000c        0x4 ./Src/ADC.o
                0x000000002000000c                V_min
 .data          0x0000000020000010      0x2c2 ./Src/Wifi.o
                0x0000000020000010                WifiState
                0x0000000020000014                ssid
                0x0000000020000034                passwrd
                0x0000000020000054                HTML1
                0x000000002000009c                HTML2
                0x000000002000012c                HTML
 *fill*         0x00000000200002d2        0x2 
 .data          0x00000000200002d4        0x4 ./Src/system_stm32f1xx.o
                0x00000000200002d4                SystemCoreClock
 *(.data*)
 .data._impure_ptr
                0x00000000200002d8        0x4 c:/st/stm32cubeide_1.7.0/stm32cubeide/plugins/com.st.stm32cube.ide.mcu.externaltools.gnu-tools-for-stm32.9-2020-q2-update.win32_2.0.0.202105311346/tools/bin/../lib/gcc/arm-none-eabi/9.3.1/../../../../arm-none-eabi/lib/thumb/v7-m/nofp\libc_nano.a(lib_a-impure.o)
                0x00000000200002d8                _impure_ptr
 .data.impure_data
                0x00000000200002dc       0x60 c:/st/stm32cubeide_1.7.0/stm32cubeide/plugins/com.st.stm32cube.ide.mcu.externaltools.gnu-tools-for-stm32.9-2020-q2-update.win32_2.0.0.202105311346/tools/bin/../lib/gcc/arm-none-eabi/9.3.1/../../../../arm-none-eabi/lib/thumb/v7-m/nofp\libc_nano.a(lib_a-impure.o)
                0x000000002000033c                . = ALIGN (0x4)
                0x000000002000033c                _edata = .

.igot.plt       0x000000002000033c        0x0 load address 0x000000000800816c
 .igot.plt      0x000000002000033c        0x0 c:/st/stm32cubeide_1.7.0/stm32cubeide/plugins/com.st.stm32cube.ide.mcu.externaltools.gnu-tools-for-stm32.9-2020-q2-update.win32_2.0.0.202105311346/tools/bin/../lib/gcc/arm-none-eabi/9.3.1/thumb/v7-m/nofp/crtbegin.o
                0x000000002000033c                . = ALIGN (0x4)

.bss            0x000000002000033c     0x2914 load address 0x000000000800816c
                0x000000002000033c                _sbss = .
                0x000000002000033c                __bss_start__ = _sbss
 *(.bss)
 .bss           0x000000002000033c       0x1c c:/st/stm32cubeide_1.7.0/stm32cubeide/plugins/com.st.stm32cube.ide.mcu.externaltools.gnu-tools-for-stm32.9-2020-q2-update.win32_2.0.0.202105311346/tools/bin/../lib/gcc/arm-none-eabi/9.3.1/thumb/v7-m/nofp/crtbegin.o
 .bss           0x0000000020000358      0x128 ./Middlewares/Third_Party/FreeRTOS/Source/tasks.o
                0x000000002000035c                pxCurrentTCB
 .bss           0x0000000020000480       0xfc ./Middlewares/Third_Party/FreeRTOS/Source/timers.o
 .bss           0x000000002000057c        0x8 ./Middlewares/Third_Party/FreeRTOS/Source/portable/GCC/ARM_CM3/port.o
 .bss           0x0000000020000584      0xc18 ./Middlewares/Third_Party/FreeRTOS/Source/portable/MemMang/heap_4.o
 .bss           0x000000002000119c        0x4 ./Src/ADC.o
                0x000000002000119c                counter
 .bss           0x00000000200011a0        0xc ./Src/Wifi.o
                0x00000000200011a0                WrecBuffPointerRead
                0x00000000200011a4                WrecBuffPointerWrite
                0x00000000200011a8                WprocBuffpointer
 .bss           0x00000000200011ac      0x6a8 ./Src/freertos.o
 .bss           0x0000000020001854       0x38 ./Src/main.o
                0x0000000020001854                gu32_Freq
                0x0000000020001858                gu8_MSG
                0x000000002000187b                gu8_State
                0x000000002000187c                gu32_T1
                0x0000000020001880                gu16_TIM2_OVC
                0x0000000020001884                gu32_T2
                0x0000000020001888                gu32_Ticks
 .bss           0x000000002000188c        0x8 ./Src/syscalls.o
                0x0000000020001890                __env
 *(.bss*)
 .bss.__malloc_free_list
                0x0000000020001894        0x4 c:/st/stm32cubeide_1.7.0/stm32cubeide/plugins/com.st.stm32cube.ide.mcu.externaltools.gnu-tools-for-stm32.9-2020-q2-update.win32_2.0.0.202105311346/tools/bin/../lib/gcc/arm-none-eabi/9.3.1/../../../../arm-none-eabi/lib/thumb/v7-m/nofp\libc_nano.a(lib_a-nano-mallocr.o)
                0x0000000020001894                __malloc_free_list
 .bss.__malloc_sbrk_start
                0x0000000020001898        0x4 c:/st/stm32cubeide_1.7.0/stm32cubeide/plugins/com.st.stm32cube.ide.mcu.externaltools.gnu-tools-for-stm32.9-2020-q2-update.win32_2.0.0.202105311346/tools/bin/../lib/gcc/arm-none-eabi/9.3.1/../../../../arm-none-eabi/lib/thumb/v7-m/nofp\libc_nano.a(lib_a-nano-mallocr.o)
                0x0000000020001898                __malloc_sbrk_start
 *(COMMON)
 COMMON         0x000000002000189c        0x4 ./Drivers/STM32F1xx_HAL_Driver/Src/stm32f1xx_hal.o
                0x000000002000189c                uwTick
 COMMON         0x00000000200018a0       0x40 ./Middlewares/Third_Party/FreeRTOS/Source/queue.o
                0x00000000200018a0                xQueueRegistry
 COMMON         0x00000000200018e0       0x70 ./Src/ADC.o
                0x00000000200018e0                dbounce
                0x00000000200018e4                Batt_V
                0x00000000200018e8                V_thresh
                0x00000000200018ec                adc
                0x000000002000193c                System_V
                0x0000000020001940                V_max
                0x0000000020001944                Main_V
                0x0000000020001948                diff
                0x000000002000194c                Main_I
 COMMON         0x0000000020001950      0x662 ./Src/GSM.o
                0x0000000020001950                smsFlags
                0x0000000020001980                v1s
                0x0000000020001988                GPRSresult
                0x0000000020001990                smsInfo
                0x0000000020001b2c                v2s
                0x0000000020001b34                tempGPRS
                0x0000000020001b5c                SMScontent
                0x0000000020001bfc                gsmTimer
                0x0000000020001c00                recBuff
                0x0000000020001d2c                quality
                0x0000000020001d38                gprsTimer
                0x0000000020001d3c                procBuff
                0x0000000020001e24                gsmInfo
                0x0000000020001f80                dummy
 *fill*         0x0000000020001fb2        0x2 
 COMMON         0x0000000020001fb4       0x13 ./Src/LCD.o
                0x0000000020001fb4                Control
                0x0000000020001fb8                LCD
 *fill*         0x0000000020001fc7        0x1 
 COMMON         0x0000000020001fc8      0x98c ./Src/Wifi.o
                0x0000000020001fc8                IP1
                0x000000002000202c                WrecBuff
                0x0000000020002540                temp
                0x00000000200025c4                temp1
                0x00000000200027b8                WprocBuff1
                0x0000000020002880                ConnID
                0x0000000020002884                WprocBuff
                0x000000002000294c                wifiFlag
                0x0000000020002950                len
 COMMON         0x0000000020002954      0x2a3 ./Src/main.o
                0x0000000020002954                defaultTaskHandle
                0x0000000020002958                timer
                0x000000002000295c                huart3
                0x00000000200029a0                hi2c1
                0x00000000200029f4                htim3
                0x0000000020002a3c                hspi3
                0x0000000020002a94                hadc1
                0x0000000020002ac4                huart1
                0x0000000020002b08                rTimer
                0x0000000020002b0c                timerStr
                0x0000000020002b20                hdma_adc1
                0x0000000020002b64                htim1
                0x0000000020002bac                myTimer01Handle
                0x0000000020002bb0                huart2
                0x0000000020002bf4                timerMult
                0x0000000020002bf6                touch1
 *fill*         0x0000000020002bf7        0x1 
 COMMON         0x0000000020002bf8       0x48 ./Src/stm32f1xx_hal_timebase_tim.o
                0x0000000020002bf8                htim2
 COMMON         0x0000000020002c40        0x4 c:/st/stm32cubeide_1.7.0/stm32cubeide/plugins/com.st.stm32cube.ide.mcu.externaltools.gnu-tools-for-stm32.9-2020-q2-update.win32_2.0.0.202105311346/tools/bin/../lib/gcc/arm-none-eabi/9.3.1/../../../../arm-none-eabi/lib/thumb/v7-m/nofp\libc_nano.a(lib_a-reent.o)
                0x0000000020002c40                errno
 COMMON         0x0000000020002c44        0x9 c:/st/stm32cubeide_1.7.0/stm32cubeide/plugins/com.st.stm32cube.ide.mcu.externaltools.gnu-tools-for-stm32.9-2020-q2-update.win32_2.0.0.202105311346/tools/bin/../lib/gcc/arm-none-eabi/9.3.1/../../../../arm-none-eabi/lib/thumb/v7-m/nofp\libc_nano.a(lib_a-lock.o)
                0x0000000020002c44                __lock___atexit_recursive_mutex
                0x0000000020002c45                __lock___arc4random_mutex
                0x0000000020002c46                __lock___env_recursive_mutex
                0x0000000020002c47                __lock___sinit_recursive_mutex
                0x0000000020002c48                __lock___malloc_recursive_mutex
                0x0000000020002c49                __lock___at_quick_exit_mutex
                0x0000000020002c4a                __lock___dd_hash_mutex
                0x0000000020002c4b                __lock___tz_mutex
                0x0000000020002c4c                __lock___sfp_recursive_mutex
                0x0000000020002c50                . = ALIGN (0x4)
 *fill*         0x0000000020002c4d        0x3 
                0x0000000020002c50                _ebss = .
                0x0000000020002c50                __bss_end__ = _ebss

._user_heap_stack
                0x0000000020002c50      0x600 load address 0x000000000800816c
                0x0000000020002c50                . = ALIGN (0x8)
                0x0000000020002c50                PROVIDE (end = .)
                [!provide]                        PROVIDE (_end = .)
                0x0000000020002e50                . = (. + _Min_Heap_Size)
 *fill*         0x0000000020002c50      0x200 
                0x0000000020003250                . = (. + _Min_Stack_Size)
 *fill*         0x0000000020002e50      0x400 
                0x0000000020003250                . = ALIGN (0x8)

/DISCARD/
 libc.a(*)
 libm.a(*)
 libgcc.a(*)

.ARM.attributes
                0x0000000000000000       0x29
 *(.ARM.attributes)
 .ARM.attributes
                0x0000000000000000       0x1d c:/st/stm32cubeide_1.7.0/stm32cubeide/plugins/com.st.stm32cube.ide.mcu.externaltools.gnu-tools-for-stm32.9-2020-q2-update.win32_2.0.0.202105311346/tools/bin/../lib/gcc/arm-none-eabi/9.3.1/thumb/v7-m/nofp/crti.o
 .ARM.attributes
                0x000000000000001d       0x2d c:/st/stm32cubeide_1.7.0/stm32cubeide/plugins/com.st.stm32cube.ide.mcu.externaltools.gnu-tools-for-stm32.9-2020-q2-update.win32_2.0.0.202105311346/tools/bin/../lib/gcc/arm-none-eabi/9.3.1/thumb/v7-m/nofp/crtbegin.o
 .ARM.attributes
                0x000000000000004a       0x2d ./Drivers/STM32F1xx_HAL_Driver/Src/stm32f1xx_hal.o
 .ARM.attributes
                0x0000000000000077       0x2d ./Drivers/STM32F1xx_HAL_Driver/Src/stm32f1xx_hal_adc.o
 .ARM.attributes
                0x00000000000000a4       0x2d ./Drivers/STM32F1xx_HAL_Driver/Src/stm32f1xx_hal_cortex.o
 .ARM.attributes
                0x00000000000000d1       0x2d ./Drivers/STM32F1xx_HAL_Driver/Src/stm32f1xx_hal_dma.o
 .ARM.attributes
                0x00000000000000fe       0x2d ./Drivers/STM32F1xx_HAL_Driver/Src/stm32f1xx_hal_gpio.o
 .ARM.attributes
                0x000000000000012b       0x2d ./Drivers/STM32F1xx_HAL_Driver/Src/stm32f1xx_hal_i2c.o
 .ARM.attributes
                0x0000000000000158       0x2d ./Drivers/STM32F1xx_HAL_Driver/Src/stm32f1xx_hal_rcc.o
 .ARM.attributes
                0x0000000000000185       0x2d ./Drivers/STM32F1xx_HAL_Driver/Src/stm32f1xx_hal_rcc_ex.o
 .ARM.attributes
                0x00000000000001b2       0x2d ./Drivers/STM32F1xx_HAL_Driver/Src/stm32f1xx_hal_spi.o
 .ARM.attributes
                0x00000000000001df       0x2d ./Drivers/STM32F1xx_HAL_Driver/Src/stm32f1xx_hal_tim.o
 .ARM.attributes
                0x000000000000020c       0x2d ./Drivers/STM32F1xx_HAL_Driver/Src/stm32f1xx_hal_tim_ex.o
 .ARM.attributes
                0x0000000000000239       0x2d ./Drivers/STM32F1xx_HAL_Driver/Src/stm32f1xx_hal_uart.o
 .ARM.attributes
                0x0000000000000266       0x2d ./Middlewares/Third_Party/FreeRTOS/Source/CMSIS_RTOS/cmsis_os.o
 .ARM.attributes
                0x0000000000000293       0x2d ./Middlewares/Third_Party/FreeRTOS/Source/list.o
 .ARM.attributes
                0x00000000000002c0       0x2d ./Middlewares/Third_Party/FreeRTOS/Source/queue.o
 .ARM.attributes
                0x00000000000002ed       0x2d ./Middlewares/Third_Party/FreeRTOS/Source/tasks.o
 .ARM.attributes
                0x000000000000031a       0x2d ./Middlewares/Third_Party/FreeRTOS/Source/timers.o
 .ARM.attributes
                0x0000000000000347       0x2d ./Middlewares/Third_Party/FreeRTOS/Source/portable/GCC/ARM_CM3/port.o
 .ARM.attributes
                0x0000000000000374       0x2d ./Middlewares/Third_Party/FreeRTOS/Source/portable/MemMang/heap_4.o
 .ARM.attributes
                0x00000000000003a1       0x2d ./Src/ADC.o
 .ARM.attributes
                0x00000000000003ce       0x2d ./Src/GSM.o
 .ARM.attributes
                0x00000000000003fb       0x2d ./Src/LCD.o
 .ARM.attributes
                0x0000000000000428       0x2d ./Src/UART.o
 .ARM.attributes
                0x0000000000000455       0x2d ./Src/Wifi.o
 .ARM.attributes
                0x0000000000000482       0x2d ./Src/freertos.o
 .ARM.attributes
                0x00000000000004af       0x2d ./Src/main.o
 .ARM.attributes
                0x00000000000004dc       0x2d ./Src/myString.o
 .ARM.attributes
                0x0000000000000509       0x2d ./Src/stm32f1xx_hal_msp.o
 .ARM.attributes
                0x0000000000000536       0x2d ./Src/stm32f1xx_hal_timebase_tim.o
 .ARM.attributes
                0x0000000000000563       0x2d ./Src/stm32f1xx_it.o
 .ARM.attributes
                0x0000000000000590       0x2d ./Src/syscalls.o
 .ARM.attributes
                0x00000000000005bd       0x2d ./Src/system_stm32f1xx.o
 .ARM.attributes
                0x00000000000005ea       0x21 ./startup/startup_stm32f103xe.o
 .ARM.attributes
                0x000000000000060b       0x2d c:/st/stm32cubeide_1.7.0/stm32cubeide/plugins/com.st.stm32cube.ide.mcu.externaltools.gnu-tools-for-stm32.9-2020-q2-update.win32_2.0.0.202105311346/tools/bin/../lib/gcc/arm-none-eabi/9.3.1/../../../../arm-none-eabi/lib/thumb/v7-m/nofp\libc_nano.a(lib_a-errno.o)
 .ARM.attributes
                0x0000000000000638       0x2d c:/st/stm32cubeide_1.7.0/stm32cubeide/plugins/com.st.stm32cube.ide.mcu.externaltools.gnu-tools-for-stm32.9-2020-q2-update.win32_2.0.0.202105311346/tools/bin/../lib/gcc/arm-none-eabi/9.3.1/../../../../arm-none-eabi/lib/thumb/v7-m/nofp\libc_nano.a(lib_a-impure.o)
 .ARM.attributes
                0x0000000000000665       0x2d c:/st/stm32cubeide_1.7.0/stm32cubeide/plugins/com.st.stm32cube.ide.mcu.externaltools.gnu-tools-for-stm32.9-2020-q2-update.win32_2.0.0.202105311346/tools/bin/../lib/gcc/arm-none-eabi/9.3.1/../../../../arm-none-eabi/lib/thumb/v7-m/nofp\libc_nano.a(lib_a-init.o)
 .ARM.attributes
                0x0000000000000692       0x2d c:/st/stm32cubeide_1.7.0/stm32cubeide/plugins/com.st.stm32cube.ide.mcu.externaltools.gnu-tools-for-stm32.9-2020-q2-update.win32_2.0.0.202105311346/tools/bin/../lib/gcc/arm-none-eabi/9.3.1/../../../../arm-none-eabi/lib/thumb/v7-m/nofp\libc_nano.a(lib_a-itoa.o)
 .ARM.attributes
                0x00000000000006bf       0x2d c:/st/stm32cubeide_1.7.0/stm32cubeide/plugins/com.st.stm32cube.ide.mcu.externaltools.gnu-tools-for-stm32.9-2020-q2-update.win32_2.0.0.202105311346/tools/bin/../lib/gcc/arm-none-eabi/9.3.1/../../../../arm-none-eabi/lib/thumb/v7-m/nofp\libc_nano.a(lib_a-memcpy-stub.o)
 .ARM.attributes
                0x00000000000006ec       0x2d c:/st/stm32cubeide_1.7.0/stm32cubeide/plugins/com.st.stm32cube.ide.mcu.externaltools.gnu-tools-for-stm32.9-2020-q2-update.win32_2.0.0.202105311346/tools/bin/../lib/gcc/arm-none-eabi/9.3.1/../../../../arm-none-eabi/lib/thumb/v7-m/nofp\libc_nano.a(lib_a-sprintf.o)
 .ARM.attributes
                0x0000000000000719       0x2d c:/st/stm32cubeide_1.7.0/stm32cubeide/plugins/com.st.stm32cube.ide.mcu.externaltools.gnu-tools-for-stm32.9-2020-q2-update.win32_2.0.0.202105311346/tools/bin/../lib/gcc/arm-none-eabi/9.3.1/../../../../arm-none-eabi/lib/thumb/v7-m/nofp\libc_nano.a(lib_a-stpcpy.o)
 .ARM.attributes
                0x0000000000000746       0x2d c:/st/stm32cubeide_1.7.0/stm32cubeide/plugins/com.st.stm32cube.ide.mcu.externaltools.gnu-tools-for-stm32.9-2020-q2-update.win32_2.0.0.202105311346/tools/bin/../lib/gcc/arm-none-eabi/9.3.1/../../../../arm-none-eabi/lib/thumb/v7-m/nofp\libc_nano.a(lib_a-strcat.o)
 .ARM.attributes
                0x0000000000000773       0x17 c:/st/stm32cubeide_1.7.0/stm32cubeide/plugins/com.st.stm32cube.ide.mcu.externaltools.gnu-tools-for-stm32.9-2020-q2-update.win32_2.0.0.202105311346/tools/bin/../lib/gcc/arm-none-eabi/9.3.1/../../../../arm-none-eabi/lib/thumb/v7-m/nofp\libc_nano.a(lib_a-strlen.o)
 .ARM.attributes
                0x000000000000078a       0x2d c:/st/stm32cubeide_1.7.0/stm32cubeide/plugins/com.st.stm32cube.ide.mcu.externaltools.gnu-tools-for-stm32.9-2020-q2-update.win32_2.0.0.202105311346/tools/bin/../lib/gcc/arm-none-eabi/9.3.1/../../../../arm-none-eabi/lib/thumb/v7-m/nofp\libc_nano.a(lib_a-strncmp.o)
 .ARM.attributes
                0x00000000000007b7       0x2d c:/st/stm32cubeide_1.7.0/stm32cubeide/plugins/com.st.stm32cube.ide.mcu.externaltools.gnu-tools-for-stm32.9-2020-q2-update.win32_2.0.0.202105311346/tools/bin/../lib/gcc/arm-none-eabi/9.3.1/../../../../arm-none-eabi/lib/thumb/v7-m/nofp\libc_nano.a(lib_a-utoa.o)
 .ARM.attributes
                0x00000000000007e4       0x2d c:/st/stm32cubeide_1.7.0/stm32cubeide/plugins/com.st.stm32cube.ide.mcu.externaltools.gnu-tools-for-stm32.9-2020-q2-update.win32_2.0.0.202105311346/tools/bin/../lib/gcc/arm-none-eabi/9.3.1/../../../../arm-none-eabi/lib/thumb/v7-m/nofp\libc_nano.a(lib_a-nano-svfprintf.o)
 .ARM.attributes
                0x0000000000000811       0x2d c:/st/stm32cubeide_1.7.0/stm32cubeide/plugins/com.st.stm32cube.ide.mcu.externaltools.gnu-tools-for-stm32.9-2020-q2-update.win32_2.0.0.202105311346/tools/bin/../lib/gcc/arm-none-eabi/9.3.1/../../../../arm-none-eabi/lib/thumb/v7-m/nofp\libc_nano.a(lib_a-nano-vfprintf_i.o)
 .ARM.attributes
                0x000000000000083e       0x2d c:/st/stm32cubeide_1.7.0/stm32cubeide/plugins/com.st.stm32cube.ide.mcu.externaltools.gnu-tools-for-stm32.9-2020-q2-update.win32_2.0.0.202105311346/tools/bin/../lib/gcc/arm-none-eabi/9.3.1/../../../../arm-none-eabi/lib/thumb/v7-m/nofp\libc_nano.a(lib_a-memchr-stub.o)
 .ARM.attributes
                0x000000000000086b       0x2d c:/st/stm32cubeide_1.7.0/stm32cubeide/plugins/com.st.stm32cube.ide.mcu.externaltools.gnu-tools-for-stm32.9-2020-q2-update.win32_2.0.0.202105311346/tools/bin/../lib/gcc/arm-none-eabi/9.3.1/../../../../arm-none-eabi/lib/thumb/v7-m/nofp\libc_nano.a(lib_a-memmove.o)
 .ARM.attributes
                0x0000000000000898       0x2d c:/st/stm32cubeide_1.7.0/stm32cubeide/plugins/com.st.stm32cube.ide.mcu.externaltools.gnu-tools-for-stm32.9-2020-q2-update.win32_2.0.0.202105311346/tools/bin/../lib/gcc/arm-none-eabi/9.3.1/../../../../arm-none-eabi/lib/thumb/v7-m/nofp\libc_nano.a(lib_a-nano-freer.o)
 .ARM.attributes
                0x00000000000008c5       0x2d c:/st/stm32cubeide_1.7.0/stm32cubeide/plugins/com.st.stm32cube.ide.mcu.externaltools.gnu-tools-for-stm32.9-2020-q2-update.win32_2.0.0.202105311346/tools/bin/../lib/gcc/arm-none-eabi/9.3.1/../../../../arm-none-eabi/lib/thumb/v7-m/nofp\libc_nano.a(lib_a-nano-mallocr.o)
 .ARM.attributes
                0x00000000000008f2       0x2d c:/st/stm32cubeide_1.7.0/stm32cubeide/plugins/com.st.stm32cube.ide.mcu.externaltools.gnu-tools-for-stm32.9-2020-q2-update.win32_2.0.0.202105311346/tools/bin/../lib/gcc/arm-none-eabi/9.3.1/../../../../arm-none-eabi/lib/thumb/v7-m/nofp\libc_nano.a(lib_a-nano-reallocr.o)
 .ARM.attributes
                0x000000000000091f       0x2d c:/st/stm32cubeide_1.7.0/stm32cubeide/plugins/com.st.stm32cube.ide.mcu.externaltools.gnu-tools-for-stm32.9-2020-q2-update.win32_2.0.0.202105311346/tools/bin/../lib/gcc/arm-none-eabi/9.3.1/../../../../arm-none-eabi/lib/thumb/v7-m/nofp\libc_nano.a(lib_a-sbrkr.o)
 .ARM.attributes
                0x000000000000094c       0x2d c:/st/stm32cubeide_1.7.0/stm32cubeide/plugins/com.st.stm32cube.ide.mcu.externaltools.gnu-tools-for-stm32.9-2020-q2-update.win32_2.0.0.202105311346/tools/bin/../lib/gcc/arm-none-eabi/9.3.1/../../../../arm-none-eabi/lib/thumb/v7-m/nofp\libc_nano.a(lib_a-mlock.o)
 .ARM.attributes
                0x0000000000000979       0x2d c:/st/stm32cubeide_1.7.0/stm32cubeide/plugins/com.st.stm32cube.ide.mcu.externaltools.gnu-tools-for-stm32.9-2020-q2-update.win32_2.0.0.202105311346/tools/bin/../lib/gcc/arm-none-eabi/9.3.1/../../../../arm-none-eabi/lib/thumb/v7-m/nofp\libc_nano.a(lib_a-nano-msizer.o)
 .ARM.attributes
                0x00000000000009a6       0x2d c:/st/stm32cubeide_1.7.0/stm32cubeide/plugins/com.st.stm32cube.ide.mcu.externaltools.gnu-tools-for-stm32.9-2020-q2-update.win32_2.0.0.202105311346/tools/bin/../lib/gcc/arm-none-eabi/9.3.1/../../../../arm-none-eabi/lib/thumb/v7-m/nofp\libc_nano.a(lib_a-reent.o)
 .ARM.attributes
                0x00000000000009d3       0x2d c:/st/stm32cubeide_1.7.0/stm32cubeide/plugins/com.st.stm32cube.ide.mcu.externaltools.gnu-tools-for-stm32.9-2020-q2-update.win32_2.0.0.202105311346/tools/bin/../lib/gcc/arm-none-eabi/9.3.1/../../../../arm-none-eabi/lib/thumb/v7-m/nofp\libc_nano.a(lib_a-lock.o)
 .ARM.attributes
                0x0000000000000a00       0x1d c:/st/stm32cubeide_1.7.0/stm32cubeide/plugins/com.st.stm32cube.ide.mcu.externaltools.gnu-tools-for-stm32.9-2020-q2-update.win32_2.0.0.202105311346/tools/bin/../lib/gcc/arm-none-eabi/9.3.1/thumb/v7-m/nofp\libgcc.a(_arm_muldf3.o)
 .ARM.attributes
                0x0000000000000a1d       0x1d c:/st/stm32cubeide_1.7.0/stm32cubeide/plugins/com.st.stm32cube.ide.mcu.externaltools.gnu-tools-for-stm32.9-2020-q2-update.win32_2.0.0.202105311346/tools/bin/../lib/gcc/arm-none-eabi/9.3.1/thumb/v7-m/nofp\libgcc.a(_arm_addsubdf3.o)
 .ARM.attributes
                0x0000000000000a3a       0x1d c:/st/stm32cubeide_1.7.0/stm32cubeide/plugins/com.st.stm32cube.ide.mcu.externaltools.gnu-tools-for-stm32.9-2020-q2-update.win32_2.0.0.202105311346/tools/bin/../lib/gcc/arm-none-eabi/9.3.1/thumb/v7-m/nofp\libgcc.a(_arm_truncdfsf2.o)
 .ARM.attributes
                0x0000000000000a57       0x1d c:/st/stm32cubeide_1.7.0/stm32cubeide/plugins/com.st.stm32cube.ide.mcu.externaltools.gnu-tools-for-stm32.9-2020-q2-update.win32_2.0.0.202105311346/tools/bin/../lib/gcc/arm-none-eabi/9.3.1/thumb/v7-m/nofp\libgcc.a(_arm_addsubsf3.o)
 .ARM.attributes
                0x0000000000000a74       0x1d c:/st/stm32cubeide_1.7.0/stm32cubeide/plugins/com.st.stm32cube.ide.mcu.externaltools.gnu-tools-for-stm32.9-2020-q2-update.win32_2.0.0.202105311346/tools/bin/../lib/gcc/arm-none-eabi/9.3.1/thumb/v7-m/nofp\libgcc.a(_arm_muldivsf3.o)
 .ARM.attributes
                0x0000000000000a91       0x1d c:/st/stm32cubeide_1.7.0/stm32cubeide/plugins/com.st.stm32cube.ide.mcu.externaltools.gnu-tools-for-stm32.9-2020-q2-update.win32_2.0.0.202105311346/tools/bin/../lib/gcc/arm-none-eabi/9.3.1/thumb/v7-m/nofp\libgcc.a(_arm_fixunssfsi.o)
 .ARM.attributes
                0x0000000000000aae       0x1d c:/st/stm32cubeide_1.7.0/stm32cubeide/plugins/com.st.stm32cube.ide.mcu.externaltools.gnu-tools-for-stm32.9-2020-q2-update.win32_2.0.0.202105311346/tools/bin/../lib/gcc/arm-none-eabi/9.3.1/thumb/v7-m/nofp/crtn.o
OUTPUT(iSealv2_09.elf elf32-littlearm)
LOAD linker stubs
LOAD c:/st/stm32cubeide_1.7.0/stm32cubeide/plugins/com.st.stm32cube.ide.mcu.externaltools.gnu-tools-for-stm32.9-2020-q2-update.win32_2.0.0.202105311346/tools/bin/../lib/gcc/arm-none-eabi/9.3.1/../../../../arm-none-eabi/lib/thumb/v7-m/nofp\libc.a
LOAD c:/st/stm32cubeide_1.7.0/stm32cubeide/plugins/com.st.stm32cube.ide.mcu.externaltools.gnu-tools-for-stm32.9-2020-q2-update.win32_2.0.0.202105311346/tools/bin/../lib/gcc/arm-none-eabi/9.3.1/../../../../arm-none-eabi/lib/thumb/v7-m/nofp\libm.a
LOAD c:/st/stm32cubeide_1.7.0/stm32cubeide/plugins/com.st.stm32cube.ide.mcu.externaltools.gnu-tools-for-stm32.9-2020-q2-update.win32_2.0.0.202105311346/tools/bin/../lib/gcc/arm-none-eabi/9.3.1/thumb/v7-m/nofp\libgcc.a

.debug_info     0x0000000000000000    0x351f6
 .debug_info    0x0000000000000000      0x8cf ./Drivers/STM32F1xx_HAL_Driver/Src/stm32f1xx_hal.o
 .debug_info    0x00000000000008cf     0x122f ./Drivers/STM32F1xx_HAL_Driver/Src/stm32f1xx_hal_adc.o
 .debug_info    0x0000000000001afe      0xea2 ./Drivers/STM32F1xx_HAL_Driver/Src/stm32f1xx_hal_cortex.o
 .debug_info    0x00000000000029a0      0x953 ./Drivers/STM32F1xx_HAL_Driver/Src/stm32f1xx_hal_dma.o
 .debug_info    0x00000000000032f3      0x75b ./Drivers/STM32F1xx_HAL_Driver/Src/stm32f1xx_hal_gpio.o
 .debug_info    0x0000000000003a4e     0x46ca ./Drivers/STM32F1xx_HAL_Driver/Src/stm32f1xx_hal_i2c.o
 .debug_info    0x0000000000008118      0xb65 ./Drivers/STM32F1xx_HAL_Driver/Src/stm32f1xx_hal_rcc.o
 .debug_info    0x0000000000008c7d      0x52f ./Drivers/STM32F1xx_HAL_Driver/Src/stm32f1xx_hal_rcc_ex.o
 .debug_info    0x00000000000091ac     0x2264 ./Drivers/STM32F1xx_HAL_Driver/Src/stm32f1xx_hal_spi.o
 .debug_info    0x000000000000b410     0x4e73 ./Drivers/STM32F1xx_HAL_Driver/Src/stm32f1xx_hal_tim.o
 .debug_info    0x0000000000010283     0x1c1b ./Drivers/STM32F1xx_HAL_Driver/Src/stm32f1xx_hal_tim_ex.o
 .debug_info    0x0000000000011e9e     0x2028 ./Drivers/STM32F1xx_HAL_Driver/Src/stm32f1xx_hal_uart.o
 .debug_info    0x0000000000013ec6     0x338d ./Middlewares/Third_Party/FreeRTOS/Source/CMSIS_RTOS/cmsis_os.o
 .debug_info    0x0000000000017253      0xb8f ./Middlewares/Third_Party/FreeRTOS/Source/list.o
 .debug_info    0x0000000000017de2     0x3c73 ./Middlewares/Third_Party/FreeRTOS/Source/queue.o
 .debug_info    0x000000000001ba55     0x3abf ./Middlewares/Third_Party/FreeRTOS/Source/tasks.o
 .debug_info    0x000000000001f514     0x260b ./Middlewares/Third_Party/FreeRTOS/Source/timers.o
 .debug_info    0x0000000000021b1f      0x5c7 ./Middlewares/Third_Party/FreeRTOS/Source/portable/GCC/ARM_CM3/port.o
 .debug_info    0x00000000000220e6      0xd80 ./Middlewares/Third_Party/FreeRTOS/Source/portable/MemMang/heap_4.o
 .debug_info    0x0000000000022e66     0x1520 ./Src/ADC.o
 .debug_info    0x0000000000024386     0x54d3 ./Src/GSM.o
 .debug_info    0x0000000000029859     0x11ad ./Src/LCD.o
 .debug_info    0x000000000002aa06      0x6d3 ./Src/UART.o
 .debug_info    0x000000000002b0d9     0x1f51 ./Src/Wifi.o
 .debug_info    0x000000000002d02a      0x3db ./Src/freertos.o
 .debug_info    0x000000000002d405     0x27ee ./Src/main.o
 .debug_info    0x000000000002fbf3      0xb6c ./Src/myString.o
 .debug_info    0x000000000003075f     0x1cfc ./Src/stm32f1xx_hal_msp.o
 .debug_info    0x000000000003245b      0xb59 ./Src/stm32f1xx_hal_timebase_tim.o
 .debug_info    0x0000000000032fb4      0xc40 ./Src/stm32f1xx_it.o
 .debug_info    0x0000000000033bf4     0x1154 ./Src/syscalls.o
 .debug_info    0x0000000000034d48      0x48c ./Src/system_stm32f1xx.o
 .debug_info    0x00000000000351d4       0x22 ./startup/startup_stm32f103xe.o

.debug_abbrev   0x0000000000000000     0x64e3
 .debug_abbrev  0x0000000000000000      0x27e ./Drivers/STM32F1xx_HAL_Driver/Src/stm32f1xx_hal.o
 .debug_abbrev  0x000000000000027e      0x300 ./Drivers/STM32F1xx_HAL_Driver/Src/stm32f1xx_hal_adc.o
 .debug_abbrev  0x000000000000057e      0x35e ./Drivers/STM32F1xx_HAL_Driver/Src/stm32f1xx_hal_cortex.o
 .debug_abbrev  0x00000000000008dc      0x280 ./Drivers/STM32F1xx_HAL_Driver/Src/stm32f1xx_hal_dma.o
 .debug_abbrev  0x0000000000000b5c      0x214 ./Drivers/STM32F1xx_HAL_Driver/Src/stm32f1xx_hal_gpio.o
 .debug_abbrev  0x0000000000000d70      0x453 ./Drivers/STM32F1xx_HAL_Driver/Src/stm32f1xx_hal_i2c.o
 .debug_abbrev  0x00000000000011c3      0x32b ./Drivers/STM32F1xx_HAL_Driver/Src/stm32f1xx_hal_rcc.o
 .debug_abbrev  0x00000000000014ee      0x207 ./Drivers/STM32F1xx_HAL_Driver/Src/stm32f1xx_hal_rcc_ex.o
 .debug_abbrev  0x00000000000016f5      0x368 ./Drivers/STM32F1xx_HAL_Driver/Src/stm32f1xx_hal_spi.o
 .debug_abbrev  0x0000000000001a5d      0x3ab ./Drivers/STM32F1xx_HAL_Driver/Src/stm32f1xx_hal_tim.o
 .debug_abbrev  0x0000000000001e08      0x355 ./Drivers/STM32F1xx_HAL_Driver/Src/stm32f1xx_hal_tim_ex.o
 .debug_abbrev  0x000000000000215d      0x3da ./Drivers/STM32F1xx_HAL_Driver/Src/stm32f1xx_hal_uart.o
 .debug_abbrev  0x0000000000002537      0x4ff ./Middlewares/Third_Party/FreeRTOS/Source/CMSIS_RTOS/cmsis_os.o
 .debug_abbrev  0x0000000000002a36      0x20e ./Middlewares/Third_Party/FreeRTOS/Source/list.o
 .debug_abbrev  0x0000000000002c44      0x4e5 ./Middlewares/Third_Party/FreeRTOS/Source/queue.o
 .debug_abbrev  0x0000000000003129      0x514 ./Middlewares/Third_Party/FreeRTOS/Source/tasks.o
 .debug_abbrev  0x000000000000363d      0x43a ./Middlewares/Third_Party/FreeRTOS/Source/timers.o
 .debug_abbrev  0x0000000000003a77      0x29d ./Middlewares/Third_Party/FreeRTOS/Source/portable/GCC/ARM_CM3/port.o
 .debug_abbrev  0x0000000000003d14      0x389 ./Middlewares/Third_Party/FreeRTOS/Source/portable/MemMang/heap_4.o
 .debug_abbrev  0x000000000000409d      0x357 ./Src/ADC.o
 .debug_abbrev  0x00000000000043f4      0x5c2 ./Src/GSM.o
 .debug_abbrev  0x00000000000049b6      0x34b ./Src/LCD.o
 .debug_abbrev  0x0000000000004d01      0x1e4 ./Src/UART.o
 .debug_abbrev  0x0000000000004ee5      0x3a7 ./Src/Wifi.o
 .debug_abbrev  0x000000000000528c      0x137 ./Src/freertos.o
 .debug_abbrev  0x00000000000053c3      0x384 ./Src/main.o
 .debug_abbrev  0x0000000000005747      0x21b ./Src/myString.o
 .debug_abbrev  0x0000000000005962      0x287 ./Src/stm32f1xx_hal_msp.o
 .debug_abbrev  0x0000000000005be9      0x21a ./Src/stm32f1xx_hal_timebase_tim.o
 .debug_abbrev  0x0000000000005e03      0x245 ./Src/stm32f1xx_it.o
 .debug_abbrev  0x0000000000006048      0x335 ./Src/syscalls.o
 .debug_abbrev  0x000000000000637d      0x154 ./Src/system_stm32f1xx.o
 .debug_abbrev  0x00000000000064d1       0x12 ./startup/startup_stm32f103xe.o

.debug_loc      0x0000000000000000    0x211ff
 .debug_loc     0x0000000000000000      0x157 ./Drivers/STM32F1xx_HAL_Driver/Src/stm32f1xx_hal.o
 .debug_loc     0x0000000000000157      0xe55 ./Drivers/STM32F1xx_HAL_Driver/Src/stm32f1xx_hal_adc.o
 .debug_loc     0x0000000000000fac      0x75e ./Drivers/STM32F1xx_HAL_Driver/Src/stm32f1xx_hal_cortex.o
 .debug_loc     0x000000000000170a      0xa35 ./Drivers/STM32F1xx_HAL_Driver/Src/stm32f1xx_hal_dma.o
 .debug_loc     0x000000000000213f      0x48c ./Drivers/STM32F1xx_HAL_Driver/Src/stm32f1xx_hal_gpio.o
 .debug_loc     0x00000000000025cb     0x4bc0 ./Drivers/STM32F1xx_HAL_Driver/Src/stm32f1xx_hal_i2c.o
 .debug_loc     0x000000000000718b      0x6fe ./Drivers/STM32F1xx_HAL_Driver/Src/stm32f1xx_hal_rcc.o
 .debug_loc     0x0000000000007889      0x346 ./Drivers/STM32F1xx_HAL_Driver/Src/stm32f1xx_hal_rcc_ex.o
 .debug_loc     0x0000000000007bcf     0x21c1 ./Drivers/STM32F1xx_HAL_Driver/Src/stm32f1xx_hal_spi.o
 .debug_loc     0x0000000000009d90     0x6e73 ./Drivers/STM32F1xx_HAL_Driver/Src/stm32f1xx_hal_tim.o
 .debug_loc     0x0000000000010c03     0x18b2 ./Drivers/STM32F1xx_HAL_Driver/Src/stm32f1xx_hal_tim_ex.o
 .debug_loc     0x00000000000124b5     0x213e ./Drivers/STM32F1xx_HAL_Driver/Src/stm32f1xx_hal_uart.o
 .debug_loc     0x00000000000145f3     0x1ed2 ./Middlewares/Third_Party/FreeRTOS/Source/CMSIS_RTOS/cmsis_os.o
 .debug_loc     0x00000000000164c5       0xbc ./Middlewares/Third_Party/FreeRTOS/Source/list.o
 .debug_loc     0x0000000000016581     0x2a29 ./Middlewares/Third_Party/FreeRTOS/Source/queue.o
 .debug_loc     0x0000000000018faa     0x27c3 ./Middlewares/Third_Party/FreeRTOS/Source/tasks.o
 .debug_loc     0x000000000001b76d     0x1652 ./Middlewares/Third_Party/FreeRTOS/Source/timers.o
 .debug_loc     0x000000000001cdbf       0xf5 ./Middlewares/Third_Party/FreeRTOS/Source/portable/GCC/ARM_CM3/port.o
 .debug_loc     0x000000000001ceb4      0x60e ./Middlewares/Third_Party/FreeRTOS/Source/portable/MemMang/heap_4.o
 .debug_loc     0x000000000001d4c2      0x330 ./Src/ADC.o
 .debug_loc     0x000000000001d7f2     0x120e ./Src/GSM.o
 .debug_loc     0x000000000001ea00      0xa76 ./Src/LCD.o
 .debug_loc     0x000000000001f476       0x54 ./Src/UART.o
 .debug_loc     0x000000000001f4ca      0x461 ./Src/Wifi.o
 .debug_loc     0x000000000001f92b       0x6c ./Src/main.o
 .debug_loc     0x000000000001f997     0x1066 ./Src/myString.o
 .debug_loc     0x00000000000209fd      0x23f ./Src/stm32f1xx_hal_msp.o
 .debug_loc     0x0000000000020c3c       0x9b ./Src/stm32f1xx_hal_timebase_tim.o
 .debug_loc     0x0000000000020cd7      0x441 ./Src/syscalls.o
 .debug_loc     0x0000000000021118       0xe7 ./Src/system_stm32f1xx.o

.debug_aranges  0x0000000000000000     0x1610
 .debug_aranges
                0x0000000000000000       0xd8 ./Drivers/STM32F1xx_HAL_Driver/Src/stm32f1xx_hal.o
 .debug_aranges
                0x00000000000000d8       0xc8 ./Drivers/STM32F1xx_HAL_Driver/Src/stm32f1xx_hal_adc.o
 .debug_aranges