timers.c:835:13:prvSwitchTimerLists	40	static,ignoring_inline_asm
timers.c:502:13:prvTimerTask	64	static,ignoring_inline_asm
timers.c:223:12:xTimerCreateTimerTask	56	static,ignoring_inline_asm
timers.c:278:16:xTimerCreate	56	static,ignoring_inline_asm
timers.c:310:16:xTimerCreateStatic	64	static,ignoring_inline_asm
timers.c:381:12:xTimerGenericCommand	32	static,ignoring_inline_asm
timers.c:424:14:xTimerGetTimerDaemonTaskHandle	0	static,ignoring_inline_asm
timers.c:433:12:xTimerGetPeriod	0	static,ignoring_inline_asm
timers.c:442:12:xTimerGetExpiryTime	0	static,ignoring_inline_asm
timers.c:453:14:pcTimerGetName	0	static,ignoring_inline_asm
timers.c:945:12:xTimerIsTimerActive	8	static,ignoring_inline_asm
timers.c:966:7:pvTimerGetTimerID	8	static,ignoring_inline_asm
timers.c:983:6:vTimerSetTimerID	16	static,ignoring_inline_asm
