GSM.c:59:6:pec_Update	4	static
GSM.c:98:6:GSM_Init	24	static
GSM.c:933:6:CheckUser	8	static
GSM.c:114:6:GSM_Service	128	static
GSM.c:547:6:GSM_Send	16	static
GSM.c:693:6:sendSMS	16	static
GSM.c:707:6:Network	16	static
GSM.c:714:6:Balance	40	static
GSM.c:729:6:Call	48	static
GSM.c:746:6:getIMEI	8	static
GSM.c:761:6:getCCID	16	static
GSM.c:768:6:getSignal	16	static
GSM.c:862:6:Register	112	static
GSM.c:917:6:RegisterConfirm	48	static
GSM.c:946:6:Confirmation	12	static
GSM.c:951:6:Deny	12	static
GSM.c:956:6:VoltageAlarm	40	static
GSM.c:985:6:caps	0	static
GSM.c:1012:6:buildInfo	80	static
GSM.c:779:6:procSMS	64	static
GSM.c:1066:6:Context	24	static
GSM.c:1147:6:Socket2	32	static
GSM.c:1157:6:GotSMS	40	static
GSM.c:1175:6:OK	4	static
GSM.c:1196:6:GPRS_SendData	16	static
GSM.c:1229:6:DataStatus	56	static
GSM.c:1253:6:DataDecrypt	208	static
GSM.c:604:6:procData	32	static
GSM.c:566:6:recData	16	static
GSM.c:1436:5:Getvalue	0	static
GSM.c:1466:6:GSM_Receive	4	static
