stm32f1xx_hal_msp.c:65:6:HAL_MspInit	16	static
stm32f1xx_hal_msp.c:93:6:HAL_ADC_MspInit	48	static
stm32f1xx_hal_msp.c:150:6:HAL_ADC_MspDeInit	8	static
stm32f1xx_hal_msp.c:185:6:HAL_I2C_MspInit	40	static
stm32f1xx_hal_msp.c:219:6:HAL_I2C_MspDeInit	8	static
stm32f1xx_hal_msp.c:250:6:HAL_SPI_MspInit	40	static
stm32f1xx_hal_msp.c:290:6:HAL_SPI_MspDeInit	0	static
stm32f1xx_hal_msp.c:320:6:HAL_TIM_Base_MspInit	48	static
stm32f1xx_hal_msp.c:372:6:HAL_TIM_Base_MspDeInit	8	static
stm32f1xx_hal_msp.c:417:6:HAL_UART_MspInit	64	static
stm32f1xx_hal_msp.c:519:6:HAL_UART_MspDeInit	8	static
