stm32f1xx_it.c:78:6:NMI_Handler	0	static
stm32f1xx_it.c:91:6:HardFault_Handler	0	static
stm32f1xx_it.c:106:6:MemManage_Handler	0	static
stm32f1xx_it.c:121:6:BusFault_Handler	0	static
stm32f1xx_it.c:136:6:UsageFault_Handler	0	static
stm32f1xx_it.c:151:6:DebugMon_Handler	0	static
stm32f1xx_it.c:171:6:DMA1_Channel1_IRQHandler	0	static
stm32f1xx_it.c:185:6:TIM1_UP_IRQHandler	8	static
stm32f1xx_it.c:206:6:TIM1_CC_IRQHandler	0	static
stm32f1xx_it.c:220:6:TIM2_IRQHandler	0	static
stm32f1xx_it.c:234:6:TIM3_IRQHandler	8	static
stm32f1xx_it.c:249:6:USART1_IRQHandler	0	static
stm32f1xx_it.c:263:6:USART2_IRQHandler	0	static
stm32f1xx_it.c:277:6:USART3_IRQHandler	0	static
